Archive member included to satisfy reference by file (symbol)

c:/st/stm32cubeide_1.12.1/stm32cubeide/plugins/com.st.stm32cube.ide.mcu.externaltools.gnu-tools-for-stm32.10.3-2021.10.win32_1.0.200.202301161003/tools/bin/../lib/gcc/arm-none-eabi/10.3.1/../../../../arm-none-eabi/lib/thumb/v7e-m+fp/hard\libstdc++_nano.a(del_ops.o)
                              ./Core/Src/main.o (operator delete(void*, unsigned int))
c:/st/stm32cubeide_1.12.1/stm32cubeide/plugins/com.st.stm32cube.ide.mcu.externaltools.gnu-tools-for-stm32.10.3-2021.10.win32_1.0.200.202301161003/tools/bin/../lib/gcc/arm-none-eabi/10.3.1/../../../../arm-none-eabi/lib/thumb/v7e-m+fp/hard\libstdc++_nano.a(new_op.o)
                              ./Core/Src/main.o (operator new(unsigned int))
c:/st/stm32cubeide_1.12.1/stm32cubeide/plugins/com.st.stm32cube.ide.mcu.externaltools.gnu-tools-for-stm32.10.3-2021.10.win32_1.0.200.202301161003/tools/bin/../lib/gcc/arm-none-eabi/10.3.1/../../../../arm-none-eabi/lib/thumb/v7e-m+fp/hard\libstdc++_nano.a(allocator-inst.o)
                              ./Core/Src/main.o (std::allocator<char>::allocator())
c:/st/stm32cubeide_1.12.1/stm32cubeide/plugins/com.st.stm32cube.ide.mcu.externaltools.gnu-tools-for-stm32.10.3-2021.10.win32_1.0.200.202301161003/tools/bin/../lib/gcc/arm-none-eabi/10.3.1/../../../../arm-none-eabi/lib/thumb/v7e-m+fp/hard\libstdc++_nano.a(functexcept.o)
                              ./Core/Src/main.o (std::__throw_bad_alloc())
c:/st/stm32cubeide_1.12.1/stm32cubeide/plugins/com.st.stm32cube.ide.mcu.externaltools.gnu-tools-for-stm32.10.3-2021.10.win32_1.0.200.202301161003/tools/bin/../lib/gcc/arm-none-eabi/10.3.1/../../../../arm-none-eabi/lib/thumb/v7e-m+fp/hard\libstdc++_nano.a(snprintf_lite.o)
                              c:/st/stm32cubeide_1.12.1/stm32cubeide/plugins/com.st.stm32cube.ide.mcu.externaltools.gnu-tools-for-stm32.10.3-2021.10.win32_1.0.200.202301161003/tools/bin/../lib/gcc/arm-none-eabi/10.3.1/../../../../arm-none-eabi/lib/thumb/v7e-m+fp/hard\libstdc++_nano.a(functexcept.o) (__gnu_cxx::__snprintf_lite(char*, unsigned int, char const*, std::__va_list))
c:/st/stm32cubeide_1.12.1/stm32cubeide/plugins/com.st.stm32cube.ide.mcu.externaltools.gnu-tools-for-stm32.10.3-2021.10.win32_1.0.200.202301161003/tools/bin/../lib/gcc/arm-none-eabi/10.3.1/../../../../arm-none-eabi/lib/thumb/v7e-m+fp/hard\libstdc++_nano.a(string-inst.o)
                              ./Core/Src/main.o (std::__cxx11::basic_string<char, std::char_traits<char>, std::allocator<char> >::basic_string(unsigned int, char, std::allocator<char> const&))
c:/st/stm32cubeide_1.12.1/stm32cubeide/plugins/com.st.stm32cube.ide.mcu.externaltools.gnu-tools-for-stm32.10.3-2021.10.win32_1.0.200.202301161003/tools/bin/../lib/gcc/arm-none-eabi/10.3.1/../../../../arm-none-eabi/lib/thumb/v7e-m+fp/hard\libstdc++_nano.a(del_op.o)
                              c:/st/stm32cubeide_1.12.1/stm32cubeide/plugins/com.st.stm32cube.ide.mcu.externaltools.gnu-tools-for-stm32.10.3-2021.10.win32_1.0.200.202301161003/tools/bin/../lib/gcc/arm-none-eabi/10.3.1/../../../../arm-none-eabi/lib/thumb/v7e-m+fp/hard\libstdc++_nano.a(del_ops.o) (operator delete(void*))
c:/st/stm32cubeide_1.12.1/stm32cubeide/plugins/com.st.stm32cube.ide.mcu.externaltools.gnu-tools-for-stm32.10.3-2021.10.win32_1.0.200.202301161003/tools/bin/../lib/gcc/arm-none-eabi/10.3.1/../../../../arm-none-eabi/lib/thumb/v7e-m+fp/hard\libstdc++_nano.a(new_handler.o)
                              c:/st/stm32cubeide_1.12.1/stm32cubeide/plugins/com.st.stm32cube.ide.mcu.externaltools.gnu-tools-for-stm32.10.3-2021.10.win32_1.0.200.202301161003/tools/bin/../lib/gcc/arm-none-eabi/10.3.1/../../../../arm-none-eabi/lib/thumb/v7e-m+fp/hard\libstdc++_nano.a(new_op.o) (std::get_new_handler())
c:/st/stm32cubeide_1.12.1/stm32cubeide/plugins/com.st.stm32cube.ide.mcu.externaltools.gnu-tools-for-stm32.10.3-2021.10.win32_1.0.200.202301161003/tools/bin/../lib/gcc/arm-none-eabi/10.3.1/../../../../arm-none-eabi/lib/thumb/v7e-m+fp/hard\libm.a(lib_a-w_acos.o)
                              ./Core/Src/main.o (acos)
c:/st/stm32cubeide_1.12.1/stm32cubeide/plugins/com.st.stm32cube.ide.mcu.externaltools.gnu-tools-for-stm32.10.3-2021.10.win32_1.0.200.202301161003/tools/bin/../lib/gcc/arm-none-eabi/10.3.1/../../../../arm-none-eabi/lib/thumb/v7e-m+fp/hard\libm.a(lib_a-w_sqrt.o)
                              ./Core/Src/main.o (sqrt)
c:/st/stm32cubeide_1.12.1/stm32cubeide/plugins/com.st.stm32cube.ide.mcu.externaltools.gnu-tools-for-stm32.10.3-2021.10.win32_1.0.200.202301161003/tools/bin/../lib/gcc/arm-none-eabi/10.3.1/../../../../arm-none-eabi/lib/thumb/v7e-m+fp/hard\libm.a(lib_a-e_acos.o)
                              c:/st/stm32cubeide_1.12.1/stm32cubeide/plugins/com.st.stm32cube.ide.mcu.externaltools.gnu-tools-for-stm32.10.3-2021.10.win32_1.0.200.202301161003/tools/bin/../lib/gcc/arm-none-eabi/10.3.1/../../../../arm-none-eabi/lib/thumb/v7e-m+fp/hard\libm.a(lib_a-w_acos.o) (__ieee754_acos)
[...]
Memory Configuration

Name             Origin             Length             Attributes
RAM              0x0000000020000000 0x0000000000018000 xrw
FLASH            0x0000000008000000 0x0000000000080000 xr
*default*        0x0000000000000000 0xffffffffffffffff

Linker script and memory map

LOAD c:/st/stm32cubeide_1.12.1/stm32cubeide/plugins/com.st.stm32cube.ide.mcu.externaltools.gnu-tools-for-stm32.10.3-2021.10.win32_1.0.200.202301161003/tools/bin/../lib/gcc/arm-none-eabi/10.3.1/thumb/v7e-m+fp/hard/crti.o
LOAD c:/st/stm32cubeide_1.12.1/stm32cubeide/plugins/com.st.stm32cube.ide.mcu.externaltools.gnu-tools-for-stm32.10.3-2021.10.win32_1.0.200.202301161003/tools/bin/../lib/gcc/arm-none-eabi/10.3.1/thumb/v7e-m+fp/hard/crtbegin.o
LOAD c:/st/stm32cubeide_1.12.1/stm32cubeide/plugins/com.st.stm32cube.ide.mcu.externaltools.gnu-tools-for-stm32.10.3-2021.10.win32_1.0.200.202301161003/tools/bin/../lib/gcc/arm-none-eabi/10.3.1/../../../../arm-none-eabi/lib/thumb/v7e-m+fp/hard/crt0.o
LOAD ./Core/Src/main.o
LOAD ./Core/Src/motor_driver.o
LOAD ./Core/Src/stm32f4xx_hal_msp.o
LOAD ./Core/Src/stm32f4xx_it.o
LOAD ./Core/Src/syscalls.o
LOAD ./Core/Src/sysmem.o
LOAD ./Core/Src/system_stm32f4xx.o
LOAD ./Core/Src/uart.o
LOAD ./Core/Startup/startup_stm32f401retx.o
LOAD ./Drivers/STM32F4xx_HAL_Driver/Src/stm32f4xx_hal.o
LOAD ./Drivers/STM32F4xx_HAL_Driver/Src/stm32f4xx_hal_cortex.o
LOAD ./Drivers/STM32F4xx_HAL_Driver/Src/stm32f4xx_hal_dma.o
LOAD ./Drivers/STM32F4xx_HAL_Driver/Src/stm32f4xx_hal_dma_ex.o
LOAD ./Drivers/STM32F4xx_HAL_Driver/Src/stm32f4xx_hal_exti.o
LOAD ./Drivers/STM32F4xx_HAL_Driver/Src/stm32f4xx_hal_flash.o
LOAD ./Drivers/STM32F4xx_HAL_Driver/Src/stm32f4xx_hal_flash_ex.o
LOAD ./Drivers/STM32F4xx_HAL_Driver/Src/stm32f4xx_hal_flash_ramfunc.o
LOAD ./Drivers/STM32F4xx_HAL_Driver/Src/stm32f4xx_hal_gpio.o
LOAD ./Drivers/STM32F4xx_HAL_Driver/Src/stm32f4xx_hal_pwr.o
LOAD ./Drivers/STM32F4xx_HAL_Driver/Src/stm32f4xx_hal_pwr_ex.o
LOAD ./Drivers/STM32F4xx_HAL_Driver/Src/stm32f4xx_hal_rcc.o
LOAD ./Drivers/STM32F4xx_HAL_Driver/Src/stm32f4xx_hal_rcc_ex.o
LOAD ./Drivers/STM32F4xx_HAL_Driver/Src/stm32f4xx_hal_tim.o
LOAD ./Drivers/STM32F4xx_HAL_Driver/Src/stm32f4xx_hal_tim_ex.o
LOAD ./Drivers/STM32F4xx_HAL_Driver/Src/stm32f4xx_hal_uart.o
START GROUP
LOAD c:/st/stm32cubeide_1.12.1/stm32cubeide/plugins/com.st.stm32cube.ide.mcu.externaltools.gnu-tools-for-stm32.10.3-2021.10.win32_1.0.200.202301161003/tools/bin/../lib/gcc/arm-none-eabi/10.3.1/../../../../arm-none-eabi/lib/thumb/v7e-m+fp/hard\libstdc++_nano.a
LOAD c:/st/stm32cubeide_1.12.1/stm32cubeide/plugins/com.st.stm32cube.ide.mcu.externaltools.gnu-tools-for-stm32.10.3-2021.10.win32_1.0.200.202301161003/tools/bin/../lib/gcc/arm-none-eabi/10.3.1/../../../../arm-none-eabi/lib/thumb/v7e-m+fp/hard\libsupc++_nano.a
END GROUP
LOAD c:/st/stm32cubeide_1.12.1/stm32cubeide/plugins/com.st.stm32cube.ide.mcu.externaltools.gnu-tools-for-stm32.10.3-2021.10.win32_1.0.200.202301161003/tools/bin/../lib/gcc/arm-none-eabi/10.3.1/../../../../arm-none-eabi/lib/thumb/v7e-m+fp/hard\libstdc++_nano.a
LOAD c:/st/stm32cubeide_1.12.1/stm32cubeide/plugins/com.st.stm32cube.ide.mcu.externaltools.gnu-tools-for-stm32.10.3-2021.10.win32_1.0.200.202301161003/tools/bin/../lib/gcc/arm-none-eabi/10.3.1/../../../../arm-none-eabi/lib/thumb/v7e-m+fp/hard\libm.a
LOAD c:/st/stm32cubeide_1.12.1/stm32cubeide/plugins/com.st.stm32cube.ide.mcu.externaltools.gnu-tools-for-stm32.10.3-2021.10.win32_1.0.200.202301161003/tools/bin/../lib/gcc/arm-none-eabi/10.3.1/../../../../arm-none-eabi/lib/thumb/v7e-m+fp/hard\libc_nano.a
START GROUP
LOAD c:/st/stm32cubeide_1.12.1/stm32cubeide/plugins/com.st.stm32cube.ide.mcu.externaltools.gnu-tools-for-stm32.10.3-2021.10.win32_1.0.200.202301161003/tools/bin/../lib/gcc/arm-none-eabi/10.3.1/thumb/v7e-m+fp/hard\libgcc.a
LOAD c:/st/stm32cubeide_1.12.1/stm32cubeide/plugins/com.st.stm32cube.ide.mcu.externaltools.gnu-tools-for-stm32.10.3-2021.10.win32_1.0.200.202301161003/tools/bin/../lib/gcc/arm-none-eabi/10.3.1/../../../../arm-none-eabi/lib/thumb/v7e-m+fp/hard\libc_nano.a
END GROUP
START GROUP
LOAD c:/st/stm32cubeide_1.12.1/stm32cubeide/plugins/com.st.stm32cube.ide.mcu.externaltools.gnu-tools-for-stm32.10.3-2021.10.win32_1.0.200.202301161003/tools/bin/../lib/gcc/arm-none-eabi/10.3.1/thumb/v7e-m+fp/hard\libgcc.a
LOAD c:/st/stm32cubeide_1.12.1/stm32cubeide/plugins/com.st.stm32cube.ide.mcu.externaltools.gnu-tools-for-stm32.10.3-2021.10.win32_1.0.200.202301161003/tools/bin/../lib/gcc/arm-none-eabi/10.3.1/../../../../arm-none-eabi/lib/thumb/v7e-m+fp/hard\libc_nano.a
LOAD c:/st/stm32cubeide_1.12.1/stm32cubeide/plugins/com.st.stm32cube.ide.mcu.externaltools.gnu-tools-for-stm32.10.3-2021.10.win32_1.0.200.202301161003/tools/bin/../lib/gcc/arm-none-eabi/10.3.1/../../../../arm-none-eabi/lib/thumb/v7e-m+fp/hard\libnosys.a
END GROUP
START GROUP
LOAD c:/st/stm32cubeide_1.12.1/stm32cubeide/plugins/com.st.stm32cube.ide.mcu.externaltools.gnu-tools-for-stm32.10.3-2021.10.win32_1.0.200.202301161003/tools/bin/../lib/gcc/arm-none-eabi/10.3.1/thumb/v7e-m+fp/hard\libgcc.a
LOAD c:/st/stm32cubeide_1.12.1/stm32cubeide/plugins/com.st.stm32cube.ide.mcu.externaltools.gnu-tools-for-stm32.10.3-2021.10.win32_1.0.200.202301161003/tools/bin/../lib/gcc/arm-none-eabi/10.3.1/../../../../arm-none-eabi/lib/thumb/v7e-m+fp/hard\libc_nano.a
LOAD c:/st/stm32cubeide_1.12.1/stm32cubeide/plugins/com.st.stm32cube.ide.mcu.externaltools.gnu-tools-for-stm32.10.3-2021.10.win32_1.0.200.202301161003/tools/bin/../lib/gcc/arm-none-eabi/10.3.1/../../../../arm-none-eabi/lib/thumb/v7e-m+fp/hard\libnosys.a
END GROUP
LOAD c:/st/stm32cubeide_1.12.1/stm32cubeide/plugins/com.st.stm32cube.ide.mcu.externaltools.gnu-tools-for-stm32.10.3-2021.10.win32_1.0.200.202301161003/tools/bin/../lib/gcc/arm-none-eabi/10.3.1/thumb/v7e-m+fp/hard/crtend.o
LOAD c:/st/stm32cubeide_1.12.1/stm32cubeide/plugins/com.st.stm32cube.ide.mcu.externaltools.gnu-tools-for-stm32.10.3-2021.10.win32_1.0.200.202301161003/tools/bin/../lib/gcc/arm-none-eabi/10.3.1/thumb/v7e-m+fp/hard/crtn.o
                0x0000000020018000                _estack = (ORIGIN (RAM) + LENGTH (RAM))
                0x0000000000000200                _Min_Heap_Size = 0x200
                0x0000000000000400                _Min_Stack_Size = 0x400

.isr_vector     0x0000000008000000      0x194
                0x0000000008000000                . = ALIGN (0x4)
 *(.isr_vector)
 .isr_vector    0x0000000008000000      0x194 ./Core/Startup/startup_stm32f401retx.o
                0x0000000008000000                g_pfnVectors
                0x0000000008000194                . = ALIGN (0x4)

.text           0x0000000008000198     0x6e88
                0x0000000008000198                . = ALIGN (0x4)
 *(.text)
 .text          0x0000000008000198       0x40 c:/st/stm32cubeide_1.12.1/stm32cubeide/plugins/com.st.stm32cube.ide.mcu.externaltools.gnu-tools-for-stm32.10.3-2021.10.win32_1.0.200.202301161003/tools/bin/../lib/gcc/arm-none-eabi/10.3.1/thumb/v7e-m+fp/hard/crtbegin.o
 .text          0x00000000080001d8       0x10 c:/st/stm32cubeide_1.12.1/stm32cubeide/plugins/com.st.stm32cube.ide.mcu.externaltools.gnu-tools-for-stm32.10.3-2021.10.win32_1.0.200.202301161003/tools/bin/../lib/gcc/arm-none-eabi/10.3.1/../../../../arm-none-eabi/lib/thumb/v7e-m+fp/hard\libc_nano.a(lib_a-strlen.o)
                0x00000000080001d8                strlen
 .text          0x00000000080001e8      0x378 c:/st/stm32cubeide_1.12.1/stm32cubeide/plugins/com.st.stm32cube.ide.mcu.externaltools.gnu-tools-for-stm32.10.3-2021.10.win32_1.0.200.202301161003/tools/bin/../lib/gcc/arm-none-eabi/10.3.1/thumb/v7e-m+fp/hard\libgcc.a(_arm_addsubdf3.o)
                0x00000000080001e8                __aeabi_drsub
                0x00000000080001f0                __aeabi_dsub
                0x00000000080001f0                __subdf3
                0x00000000080001f4                __aeabi_dadd
                0x00000000080001f4                __adddf3
                0x000000000800046c                __floatunsidf
                0x000000000800046c                __aeabi_ui2d
                0x000000000800048c                __floatsidf
                0x000000000800048c                __aeabi_i2d
                0x00000000080004b0                __aeabi_f2d
                0x00000000080004b0                __extendsfdf2
                0x00000000080004f4                __floatundidf
                0x00000000080004f4                __aeabi_ul2d
                0x0000000008000504                __floatdidf
                0x0000000008000504                __aeabi_l2d
 .text          0x0000000008000560      0x424 c:/st/stm32cubeide_1.12.1/stm32cubeide/plugins/com.st.stm32cube.ide.mcu.externaltools.gnu-tools-for-stm32.10.3-2021.10.win32_1.0.200.202301161003/tools/bin/../lib/gcc/arm-none-eabi/10.3.1/thumb/v7e-m+fp/hard\libgcc.a(_arm_muldivdf3.o)
                0x0000000008000560                __aeabi_dmul
                0x0000000008000560                __muldf3
                0x00000000080007b4                __divdf3
                0x00000000080007b4                __aeabi_ddiv
 .text          0x0000000008000984      0x110 c:/st/stm32cubeide_1.12.1/stm32cubeide/plugins/com.st.stm32cube.ide.mcu.externaltools.gnu-tools-for-stm32.10.3-2021.10.win32_1.0.200.202301161003/tools/bin/../lib/gcc/arm-none-eabi/10.3.1/thumb/v7e-m+fp/hard\libgcc.a(_arm_cmpdf2.o)
                0x0000000008000984                __gtdf2
                0x0000000008000984                __gedf2
                0x000000000800098c                __ltdf2
                0x000000000800098c                __ledf2
                0x0000000008000994                __nedf2
                0x0000000008000994                __eqdf2
                0x0000000008000994                __cmpdf2
                0x0000000008000a10                __aeabi_cdrcmple
                0x0000000008000a20                __aeabi_cdcmpeq
                0x0000000008000a20                __aeabi_cdcmple
                0x0000000008000a30                __aeabi_dcmpeq
                0x0000000008000a44                __aeabi_dcmplt
                0x0000000008000a58                __aeabi_dcmple
                0x0000000008000a6c                __aeabi_dcmpge
                0x0000000008000a80                __aeabi_dcmpgt
 .text          0x0000000008000a94       0x2c c:/st/stm32cubeide_1.12.1/stm32cubeide/plugins/com.st.stm32cube.ide.mcu.externaltools.gnu-tools-for-stm32.10.3-2021.10.win32_1.0.200.202301161003/tools/bin/../lib/gcc/arm-none-eabi/10.3.1/thumb/v7e-m+fp/hard\libgcc.a(_arm_unorddf2.o)
                0x0000000008000a94                __unorddf2
                0x0000000008000a94                __aeabi_dcmpun
 .text          0x0000000008000ac0       0x50 c:/st/stm32cubeide_1.12.1/stm32cubeide/plugins/com.st.stm32cube.ide.mcu.externaltools.gnu-tools-for-stm32.10.3-2021.10.win32_1.0.200.202301161003/tools/bin/../lib/gcc/arm-none-eabi/10.3.1/thumb/v7e-m+fp/hard\libgcc.a(_arm_fixdfsi.o)
                0x0000000008000ac0                __aeabi_d2iz
                0x0000000008000ac0                __fixdfsi
 .text          0x0000000008000b10       0x30 c:/st/stm32cubeide_1.12.1/stm32cubeide/plugins/com.st.stm32cube.ide.mcu.externaltools.gnu-tools-for-stm32.10.3-2021.10.win32_1.0.200.202301161003/tools/bin/../lib/gcc/arm-none-eabi/10.3.1/thumb/v7e-m+fp/hard\libgcc.a(_aeabi_uldivmod.o)
                0x0000000008000b10                __aeabi_uldivmod
 .text          0x0000000008000b40      0x2d0 c:/st/stm32cubeide_1.12.1/stm32cubeide/plugins/com.st.stm32cube.ide.mcu.externaltools.gnu-tools-for-stm32.10.3-2021.10.win32_1.0.200.202301161003/tools/bin/../lib/gcc/arm-none-eabi/10.3.1/thumb/v7e-m+fp/hard\libgcc.a(_udivmoddi4.o)
                0x0000000008000b40                __udivmoddi4
 .text          0x0000000008000e10        0x4 c:/st/stm32cubeide_1.12.1/stm32cubeide/plugins/com.st.stm32cube.ide.mcu.externaltools.gnu-tools-for-stm32.10.3-2021.10.win32_1.0.200.202301161003/tools/bin/../lib/gcc/arm-none-eabi/10.3.1/thumb/v7e-m+fp/hard\libgcc.a(_dvmd_tls.o)
                0x0000000008000e10                __aeabi_idiv0
                0x0000000008000e10                __aeabi_ldiv0
 *(.text*)
 .text._ZnwjPv  0x0000000008000e14       0x18 ./Core/Src/main.o
                0x0000000008000e14                operator new(unsigned int, void*)
 .text._ZSt3absd
                0x0000000008000e2c       0x28 ./Core/Src/main.o
                0x0000000008000e2c                std::abs(double)
 .text._ZNSt7__cxx119to_stringEi
                0x0000000008000e54       0x72 ./Core/Src/main.o
                0x0000000008000e54                std::__cxx11::to_string(int)
 .text._ZSt16__deque_buf_sizej
                0x0000000008000ec6       0x2a ./Core/Src/main.o
                0x0000000008000ec6                std::__deque_buf_size(unsigned int)
 .text._ZN5ColorC2Eiii
                0x0000000008000ef0       0x2e ./Core/Src/main.o
                0x0000000008000ef0                Color::Color(int, int, int)
                0x0000000008000ef0                Color::Color(int, int, int)
 .text._ZN5Color12getMagnitudeEv
                0x0000000008000f1e       0x4c ./Core/Src/main.o
                0x0000000008000f1e                Color::getMagnitude()
 .text._ZN5Color10dotProductES_
                0x0000000008000f6a       0x4c ./Core/Src/main.o
                0x0000000008000f6a                Color::dotProduct(Color)
 .text._ZN5Color16cosineSimilarityES_
                0x0000000008000fb6       0x60 ./Core/Src/main.o
                0x0000000008000fb6                Color::cosineSimilarity(Color)
 .text._Z14USART_TransmitP20__UART_HandleTypeDefPh
                0x0000000008001016       0x48 ./Core/Src/main.o
                0x0000000008001016                USART_Transmit(__UART_HandleTypeDef*, unsigned char*)
 .text._Z14calcTotalCountiii
                0x000000000800105e       0x32 ./Core/Src/main.o
                0x000000000800105e                calcTotalCount(int, int, int)
 .text._Z10calcPeriodP12GPIO_TypeDeft
                0x0000000008001090       0xc0 ./Core/Src/main.o
                0x0000000008001090                calcPeriod(GPIO_TypeDef*, unsigned short)
 .text._ZSt3maxIiERKT_S2_S2_
                0x0000000008001150       0x28 ./Core/Src/main.o
                0x0000000008001150                int const& std::max<int>(int const&, int const&)
 .text._Z14normalizeToRGBiii
                0x0000000008001178      0x110 ./Core/Src/main.o
                0x0000000008001178                normalizeToRGB(int, int, int)
 .text._Z13differentiatedddd
                0x0000000008001288       0x94 ./Core/Src/main.o
                0x0000000008001288                differentiate(double, double, double, double)
 .text._ZNKSt17integral_constantIbLb1EEcvbEv
                0x000000000800131c       0x16 ./Core/Src/main.o
                0x000000000800131c                std::integral_constant<bool, true>::operator bool() const
 *fill*         0x0000000008001332        0x2 
 .text._Z22extractColorFromSensorSt6vectorISt4pairIP12GPIO_TypeDeftESaIS3_EEd
                0x0000000008001334      0x1e8 ./Core/Src/main.o
                0x0000000008001334                extractColorFromSensor(std::vector<std::pair<GPIO_TypeDef*, unsigned short>, std::allocator<std::pair<GPIO_TypeDef*, unsigned short> > >, double)
 *fill*         0x000000000800151c        0x4 
 .text._Z9calcError5ColorS_
                0x0000000008001520       0xdc ./Core/Src/main.o
                0x0000000008001520                calcError(Color, Color)
 .text._Z12averageErrorRKSt5dequeIiSaIiEEi
                0x00000000080015fc       0x94 ./Core/Src/main.o
                0x00000000080015fc                averageError(std::deque<int, std::allocator<int> > const&, int)
 .text._ZNSt4pairIP12GPIO_TypeDeftEC1IS1_tLb1EEEOT_OT0_
                0x0000000008001690       0x32 ./Core/Src/main.o
                0x0000000008001690                std::pair<GPIO_TypeDef*, unsigned short>::pair<GPIO_TypeDef*, unsigned short, true>(GPIO_TypeDef*&&, unsigned short&&)
 *fill*         0x00000000080016c2        0x6 
 .text.main     0x00000000080016c8      0xe90 ./Core/Src/main.o
                0x00000000080016c8                main
 .text._ZL19MX_USART2_UART_Initv
                0x0000000008002558       0x5c ./Core/Src/main.o
 .text._ZL12MX_GPIO_Initv
                0x00000000080025b4       0xdc ./Core/Src/main.o
 .text._ZL12MX_TIM3_Initv
                0x0000000008002690       0xbc ./Core/Src/main.o
 .text._ZL13MX_TIM10_Initv
                0x000000000800274c       0x54 ./Core/Src/main.o
 .text._ZL13MX_TIM11_Initv
                0x00000000080027a0       0x54 ./Core/Src/main.o
 .text.Error_Handler
                0x00000000080027f4        0xa ./Core/Src/main.o
                0x00000000080027f4                Error_Handler
 .text._ZNSt8__detail14__to_chars_lenIjEEjT_i
                0x00000000080027fe       0x7e ./Core/Src/main.o
                0x00000000080027fe                unsigned int std::__detail::__to_chars_len<unsigned int>(unsigned int, int)
 .text._ZNSt8__detail18__to_chars_10_implIjEEvPcjT_
                0x000000000800287c       0xac ./Core/Src/main.o
                0x000000000800287c                void std::__detail::__to_chars_10_impl<unsigned int>(char*, unsigned int, unsigned int)
 .text._ZSt4sqrtIiEN9__gnu_cxx11__enable_ifIXsrSt12__is_integerIT_E7__valueEdE6__typeES3_
                0x0000000008002928       0x30 ./Core/Src/main.o
                0x0000000008002928                __gnu_cxx::__enable_if<std::__is_integer<int>::__value, double>::__type std::sqrt<int>(int)
 .text._ZNSt6vectorISt4pairIP12GPIO_TypeDeftESaIS3_EEixEj
                0x0000000008002958       0x20 ./Core/Src/main.o
                0x0000000008002958                std::vector<std::pair<GPIO_TypeDef*, unsigned short>, std::allocator<std::pair<GPIO_TypeDef*, unsigned short> > >::operator[](unsigned int)
 .text._ZNKSt5dequeIiSaIiEE4sizeEv
                0x0000000008002978       0x24 ./Core/Src/main.o
                0x0000000008002978                std::deque<int, std::allocator<int> >::size() const
 .text._ZNKSt5dequeIiSaIiEE5beginEv
                0x000000000800299c       0x1e ./Core/Src/main.o
                0x000000000800299c                std::deque<int, std::allocator<int> >::begin() const
 .text._ZNSt15_Deque_iteratorIiRKiPS0_EC2ERKS3_
                0x00000000080029ba       0x38 ./Core/Src/main.o
                0x00000000080029ba                std::_Deque_iterator<int, int const&, int const*>::_Deque_iterator(std::_Deque_iterator<int, int const&, int const*> const&)
                0x00000000080029ba                std::_Deque_iterator<int, int const&, int const*>::_Deque_iterator(std::_Deque_iterator<int, int const&, int const*> const&)
 .text._ZNSt15_Deque_iteratorIiRKiPS0_EppEi
                0x00000000080029f2       0x24 ./Core/Src/main.o
                0x00000000080029f2                std::_Deque_iterator<int, int const&, int const*>::operator++(int)
 .text._ZNKSt15_Deque_iteratorIiRKiPS0_EdeEv
                0x0000000008002a16       0x18 ./Core/Src/main.o
                0x0000000008002a16                std::_Deque_iterator<int, int const&, int const*>::operator*() const
 .text._ZNSaIiEC2Ev
                0x0000000008002a2e       0x18 ./Core/Src/main.o
                0x0000000008002a2e                std::allocator<int>::allocator()
                0x0000000008002a2e                std::allocator<int>::allocator()
 .text._ZNSaIiED2Ev
                0x0000000008002a46       0x18 ./Core/Src/main.o
                0x0000000008002a46                std::allocator<int>::~allocator()
                0x0000000008002a46                std::allocator<int>::~allocator()
 .text._ZNSt5dequeIiSaIiEEC2EjRKiRKS0_
                0x0000000008002a5e       0x36 ./Core/Src/main.o
                0x0000000008002a5e                std::deque<int, std::allocator<int> >::deque(unsigned int, int const&, std::allocator<int> const&)
                0x0000000008002a5e                std::deque<int, std::allocator<int> >::deque(unsigned int, int const&, std::allocator<int> const&)
 .text._ZSt7forwardIP12GPIO_TypeDefEOT_RNSt16remove_referenceIS2_E4typeE
                0x0000000008002a94       0x16 ./Core/Src/main.o
                0x0000000008002a94                GPIO_TypeDef*&& std::forward<GPIO_TypeDef*>(std::remove_reference<GPIO_TypeDef*>::type&)
 .text._ZSt7forwardItEOT_RNSt16remove_referenceIS0_E4typeE
                0x0000000008002aaa       0x16 ./Core/Src/main.o
                0x0000000008002aaa                unsigned short&& std::forward<unsigned short>(std::remove_reference<unsigned short>::type&)
 .text._ZNSaISt4pairIP12GPIO_TypeDeftEEC2Ev
                0x0000000008002ac0       0x18 ./Core/Src/main.o
                0x0000000008002ac0                std::allocator<std::pair<GPIO_TypeDef*, unsigned short> >::allocator()
                0x0000000008002ac0                std::allocator<std::pair<GPIO_TypeDef*, unsigned short> >::allocator()
 .text._ZNSaISt4pairIP12GPIO_TypeDeftEED2Ev
                0x0000000008002ad8       0x18 ./Core/Src/main.o
                0x0000000008002ad8                std::allocator<std::pair<GPIO_TypeDef*, unsigned short> >::~allocator()
                0x0000000008002ad8                std::allocator<std::pair<GPIO_TypeDef*, unsigned short> >::~allocator()
 .text._ZNSt6vectorISt4pairIP12GPIO_TypeDeftESaIS3_EEC2ESt16initializer_listIS3_ERKS4_
                0x0000000008002af0       0x42 ./Core/Src/main.o
                0x0000000008002af0                std::vector<std::pair<GPIO_TypeDef*, unsigned short>, std::allocator<std::pair<GPIO_TypeDef*, unsigned short> > >::vector(std::initializer_list<std::pair<GPIO_TypeDef*, unsigned short> >, std::allocator<std::pair<GPIO_TypeDef*, unsigned short> > const&)
                0x0000000008002af0                std::vector<std::pair<GPIO_TypeDef*, unsigned short>, std::allocator<std::pair<GPIO_TypeDef*, unsigned short> > >::vector(std::initializer_list<std::pair<GPIO_TypeDef*, unsigned short> >, std::allocator<std::pair<GPIO_TypeDef*, unsigned short> > const&)
 .text._ZNSt6vectorISt4pairIP12GPIO_TypeDeftESaIS3_EED2Ev
                0x0000000008002b32       0x36 ./Core/Src/main.o
                0x0000000008002b32                std::vector<std::pair<GPIO_TypeDef*, unsigned short>, std::allocator<std::pair<GPIO_TypeDef*, unsigned short> > >::~vector()
                0x0000000008002b32                std::vector<std::pair<GPIO_TypeDef*, unsigned short>, std::allocator<std::pair<GPIO_TypeDef*, unsigned short> > >::~vector()
 .text._ZStplIcSt11char_traitsIcESaIcEENSt7__cxx1112basic_stringIT_T0_T1_EEPKS5_OS8_
                0x0000000008002b68       0x30 ./Core/Src/main.o
                0x0000000008002b68                std::__cxx11::basic_string<char, std::char_traits<char>, std::allocator<char> > std::operator+<char, std::char_traits<char>, std::allocator<char> >(char const*, std::__cxx11::basic_string<char, std::char_traits<char>, std::allocator<char> >&&)
 .text._ZStplIcSt11char_traitsIcESaIcEENSt7__cxx1112basic_stringIT_T0_T1_EEOS8_PKS5_
                0x0000000008002b98       0x2e ./Core/Src/main.o
                0x0000000008002b98                std::__cxx11::basic_string<char, std::char_traits<char>, std::allocator<char> > std::operator+<char, std::char_traits<char>, std::allocator<char> >(std::__cxx11::basic_string<char, std::char_traits<char>, std::allocator<char> >&&, char const*)
 .text._ZStplIcSt11char_traitsIcESaIcEENSt7__cxx1112basic_stringIT_T0_T1_EEOS8_S9_
                0x0000000008002bc6       0xf6 ./Core/Src/main.o
                0x0000000008002bc6                std::__cxx11::basic_string<char, std::char_traits<char>, std::allocator<char> > std::operator+<char, std::char_traits<char>, std::allocator<char> >(std::__cxx11::basic_string<char, std::char_traits<char>, std::allocator<char> >&&, std::__cxx11::basic_string<char, std::char_traits<char>, std::allocator<char> >&&)
 .text._ZNSt5dequeIiSaIiEE10push_frontEOi
                0x0000000008002cbc       0x22 ./Core/Src/main.o
                0x0000000008002cbc                std::deque<int, std::allocator<int> >::push_front(int&&)
 .text._ZNSt5dequeIiSaIiEE8pop_backEv
                0x0000000008002cde       0x44 ./Core/Src/main.o
                0x0000000008002cde                std::deque<int, std::allocator<int> >::pop_back()
 .text._ZStmiRKSt15_Deque_iteratorIiRiPiES4_
                0x0000000008002d22       0x48 ./Core/Src/main.o
                0x0000000008002d22                std::operator-(std::_Deque_iterator<int, int&, int*> const&, std::_Deque_iterator<int, int&, int*> const&)
 .text._ZNSt15_Deque_iteratorIiRKiPS0_EC2IS_IiRiPiEvEERKT_
                0x0000000008002d6a       0x38 ./Core/Src/main.o
                0x0000000008002d6a                std::_Deque_iterator<int, int const&, int const*>::_Deque_iterator<std::_Deque_iterator<int, int&, int*>, void>(std::_Deque_iterator<int, int&, int*> const&)
                0x0000000008002d6a                std::_Deque_iterator<int, int const&, int const*>::_Deque_iterator<std::_Deque_iterator<int, int&, int*>, void>(std::_Deque_iterator<int, int&, int*> const&)
 .text._ZNSt15_Deque_iteratorIiRKiPS0_EppEv
                0x0000000008002da2       0x3e ./Core/Src/main.o
                0x0000000008002da2                std::_Deque_iterator<int, int const&, int const*>::operator++()
 .text._ZN9__gnu_cxx13new_allocatorIiEC2Ev
                0x0000000008002de0       0x16 ./Core/Src/main.o
                0x0000000008002de0                __gnu_cxx::new_allocator<int>::new_allocator()
                0x0000000008002de0                __gnu_cxx::new_allocator<int>::new_allocator()
 .text._ZN9__gnu_cxx13new_allocatorIiED2Ev
                0x0000000008002df6       0x16 ./Core/Src/main.o
                0x0000000008002df6                __gnu_cxx::new_allocator<int>::~new_allocator()
                0x0000000008002df6                __gnu_cxx::new_allocator<int>::~new_allocator()
 .text._ZNSt5dequeIiSaIiEE17_S_check_init_lenEjRKS0_
                0x0000000008002e0c       0x38 ./Core/Src/main.o
                0x0000000008002e0c                std::deque<int, std::allocator<int> >::_S_check_init_len(unsigned int, std::allocator<int> const&)
 .text._ZNSt11_Deque_baseIiSaIiEEC2ERKS0_j
                0x0000000008002e44       0x28 ./Core/Src/main.o
                0x0000000008002e44                std::_Deque_base<int, std::allocator<int> >::_Deque_base(std::allocator<int> const&, unsigned int)
                0x0000000008002e44                std::_Deque_base<int, std::allocator<int> >::_Deque_base(std::allocator<int> const&, unsigned int)
 .text._ZNSt5dequeIiSaIiEE18_M_fill_initializeERKi
                0x0000000008002e6c       0x6c ./Core/Src/main.o
                0x0000000008002e6c                std::deque<int, std::allocator<int> >::_M_fill_initialize(int const&)
 .text._ZNSt11_Deque_baseIiSaIiEE19_M_get_Tp_allocatorEv
                0x0000000008002ed8       0x16 ./Core/Src/main.o
                0x0000000008002ed8                std::_Deque_base<int, std::allocator<int> >::_M_get_Tp_allocator()
 .text._ZN9__gnu_cxx13new_allocatorISt4pairIP12GPIO_TypeDeftEEC2Ev
                0x0000000008002eee       0x16 ./Core/Src/main.o
                0x0000000008002eee                __gnu_cxx::new_allocator<std::pair<GPIO_TypeDef*, unsigned short> >::new_allocator()
                0x0000000008002eee                __gnu_cxx::new_allocator<std::pair<GPIO_TypeDef*, unsigned short> >::new_allocator()
 .text._ZN9__gnu_cxx13new_allocatorISt4pairIP12GPIO_TypeDeftEED2Ev
                0x0000000008002f04       0x16 ./Core/Src/main.o
                0x0000000008002f04                __gnu_cxx::new_allocator<std::pair<GPIO_TypeDef*, unsigned short> >::~new_allocator()
                0x0000000008002f04                __gnu_cxx::new_allocator<std::pair<GPIO_TypeDef*, unsigned short> >::~new_allocator()
 .text._ZNSt12_Vector_baseISt4pairIP12GPIO_TypeDeftESaIS3_EE12_Vector_implD2Ev
                0x0000000008002f1a       0x18 ./Core/Src/main.o
                0x0000000008002f1a                std::_Vector_base<std::pair<GPIO_TypeDef*, unsigned short>, std::allocator<std::pair<GPIO_TypeDef*, unsigned short> > >::_Vector_impl::~_Vector_impl()
                0x0000000008002f1a                std::_Vector_base<std::pair<GPIO_TypeDef*, unsigned short>, std::allocator<std::pair<GPIO_TypeDef*, unsigned short> > >::_Vector_impl::~_Vector_impl()
 .text._ZNSt12_Vector_baseISt4pairIP12GPIO_TypeDeftESaIS3_EEC2ERKS4_
                0x0000000008002f32       0x1e ./Core/Src/main.o
                0x0000000008002f32                std::_Vector_base<std::pair<GPIO_TypeDef*, unsigned short>, std::allocator<std::pair<GPIO_TypeDef*, unsigned short> > >::_Vector_base(std::allocator<std::pair<GPIO_TypeDef*, unsigned short> > const&)
                0x0000000008002f32                std::_Vector_base<std::pair<GPIO_TypeDef*, unsigned short>, std::allocator<std::pair<GPIO_TypeDef*, unsigned short> > >::_Vector_base(std::allocator<std::pair<GPIO_TypeDef*, unsigned short> > const&)
 .text._ZNSt12_Vector_baseISt4pairIP12GPIO_TypeDeftESaIS3_EED2Ev
                0x0000000008002f50       0x32 ./Core/Src/main.o
                0x0000000008002f50                std::_Vector_base<std::pair<GPIO_TypeDef*, unsigned short>, std::allocator<std::pair<GPIO_TypeDef*, unsigned short> > >::~_Vector_base()
                0x0000000008002f50                std::_Vector_base<std::pair<GPIO_TypeDef*, unsigned short>, std::allocator<std::pair<GPIO_TypeDef*, unsigned short> > >::~_Vector_base()
 .text._ZNKSt16initializer_listISt4pairIP12GPIO_TypeDeftEE5beginEv
                0x0000000008002f82       0x18 ./Core/Src/main.o
                0x0000000008002f82                std::initializer_list<std::pair<GPIO_TypeDef*, unsigned short> >::begin() const
 .text._ZNKSt16initializer_listISt4pairIP12GPIO_TypeDeftEE3endEv
                0x0000000008002f9a       0x24 ./Core/Src/main.o
                0x0000000008002f9a                std::initializer_list<std::pair<GPIO_TypeDef*, unsigned short> >::end() const
 .text._ZNSt6vectorISt4pairIP12GPIO_TypeDeftESaIS3_EE19_M_range_initializeIPKS3_EEvT_S9_St20forward_iterator_tag
                0x0000000008002fbe       0x72 ./Core/Src/main.o
                0x0000000008002fbe                void std::vector<std::pair<GPIO_TypeDef*, unsigned short>, std::allocator<std::pair<GPIO_TypeDef*, unsigned short> > >::_M_range_initialize<std::pair<GPIO_TypeDef*, unsigned short> const*>(std::pair<GPIO_TypeDef*, unsigned short> const*, std::pair<GPIO_TypeDef*, unsigned short> const*, std::forward_iterator_tag)
 .text._ZNSt12_Vector_baseISt4pairIP12GPIO_TypeDeftESaIS3_EE19_M_get_Tp_allocatorEv
                0x0000000008003030       0x16 ./Core/Src/main.o
                0x0000000008003030                std::_Vector_base<std::pair<GPIO_TypeDef*, unsigned short>, std::allocator<std::pair<GPIO_TypeDef*, unsigned short> > >::_M_get_Tp_allocator()
 .text._ZSt8_DestroyIPSt4pairIP12GPIO_TypeDeftES3_EvT_S5_RSaIT0_E
                0x0000000008003046       0x1c ./Core/Src/main.o
                0x0000000008003046                void std::_Destroy<std::pair<GPIO_TypeDef*, unsigned short>*, std::pair<GPIO_TypeDef*, unsigned short> >(std::pair<GPIO_TypeDef*, unsigned short>*, std::pair<GPIO_TypeDef*, unsigned short>*, std::allocator<std::pair<GPIO_TypeDef*, unsigned short> >&)
 .text._ZSt4moveIRNSt7__cxx1112basic_stringIcSt11char_traitsIcESaIcEEEEONSt16remove_referenceIT_E4typeEOS8_
                0x0000000008003062       0x16 ./Core/Src/main.o
                0x0000000008003062                std::remove_reference<std::__cxx11::basic_string<char, std::char_traits<char>, std::allocator<char> >&>::type&& std::move<std::__cxx11::basic_string<char, std::char_traits<char>, std::allocator<char> >&>(std::__cxx11::basic_string<char, std::char_traits<char>, std::allocator<char> >&)
 .text._ZSteqRKSaIcES1_
                0x0000000008003078       0x18 ./Core/Src/main.o
                0x0000000008003078                std::operator==(std::allocator<char> const&, std::allocator<char> const&)
 .text._ZSt4moveIRiEONSt16remove_referenceIT_E4typeEOS2_
                0x0000000008003090       0x16 ./Core/Src/main.o
                0x0000000008003090                std::remove_reference<int&>::type&& std::move<int&>(int&)
 .text._ZNSt5dequeIiSaIiEE13emplace_frontIJiEEEvDpOT_
                0x00000000080030a6       0x54 ./Core/Src/main.o
                0x00000000080030a6                void std::deque<int, std::allocator<int> >::emplace_front<int>(int&&)
 .text._ZNSt16allocator_traitsISaIiEE7destroyIiEEvRS0_PT_
                0x00000000080030fa       0x1a ./Core/Src/main.o
                0x00000000080030fa                void std::allocator_traits<std::allocator<int> >::destroy<int>(std::allocator<int>&, int*)
 .text._ZNSt5dequeIiSaIiEE15_M_pop_back_auxEv
                0x0000000008003114       0x52 ./Core/Src/main.o
                0x0000000008003114                std::deque<int, std::allocator<int> >::_M_pop_back_aux()
 .text._ZNSt15_Deque_iteratorIiRiPiE14_S_buffer_sizeEv
                0x0000000008003166       0x10 ./Core/Src/main.o
                0x0000000008003166                std::_Deque_iterator<int, int&, int*>::_S_buffer_size()
 .text._ZNSt15_Deque_iteratorIiRKiPS0_E11_M_set_nodeEPPi
                0x0000000008003176       0x32 ./Core/Src/main.o
                0x0000000008003176                std::_Deque_iterator<int, int const&, int const*>::_M_set_node(int**)
 .text._ZNSt5dequeIiSaIiEE11_S_max_sizeERKS0_
                0x00000000080031a8       0x34 ./Core/Src/main.o
                0x00000000080031a8                std::deque<int, std::allocator<int> >::_S_max_size(std::allocator<int> const&)
 .text._ZNSt11_Deque_baseIiSaIiEE11_Deque_implC2ERKS0_
                0x00000000080031dc       0x24 ./Core/Src/main.o
                0x00000000080031dc                std::_Deque_base<int, std::allocator<int> >::_Deque_impl::_Deque_impl(std::allocator<int> const&)
                0x00000000080031dc                std::_Deque_base<int, std::allocator<int> >::_Deque_impl::_Deque_impl(std::allocator<int> const&)
 .text._ZNSt11_Deque_baseIiSaIiEE17_M_initialize_mapEj
                0x0000000008003200       0xc6 ./Core/Src/main.o
                0x0000000008003200                std::_Deque_base<int, std::allocator<int> >::_M_initialize_map(unsigned int)
 .text._ZNSt11_Deque_baseIiSaIiEE17_M_deallocate_mapEPPij
                0x00000000080032c6       0x38 ./Core/Src/main.o
                0x00000000080032c6                std::_Deque_base<int, std::allocator<int> >::_M_deallocate_map(int**, unsigned int)
 .text._ZNSt5dequeIiSaIiEE14_S_buffer_sizeEv
                0x00000000080032fe       0x10 ./Core/Src/main.o
                0x00000000080032fe                std::deque<int, std::allocator<int> >::_S_buffer_size()
 .text._ZSt22__uninitialized_fill_aIPiiiEvT_S1_RKT0_RSaIT1_E
                0x000000000800330e       0x20 ./Core/Src/main.o
                0x000000000800330e                void std::__uninitialized_fill_a<int*, int, int>(int*, int*, int const&, std::allocator<int>&)
 .text._ZNSt12_Vector_baseISt4pairIP12GPIO_TypeDeftESaIS3_EE12_Vector_implC2ERKS4_
                0x000000000800332e       0x24 ./Core/Src/main.o
                0x000000000800332e                std::_Vector_base<std::pair<GPIO_TypeDef*, unsigned short>, std::allocator<std::pair<GPIO_TypeDef*, unsigned short> > >::_Vector_impl::_Vector_impl(std::allocator<std::pair<GPIO_TypeDef*, unsigned short> > const&)
                0x000000000800332e                std::_Vector_base<std::pair<GPIO_TypeDef*, unsigned short>, std::allocator<std::pair<GPIO_TypeDef*, unsigned short> > >::_Vector_impl::_Vector_impl(std::allocator<std::pair<GPIO_TypeDef*, unsigned short> > const&)
 .text._ZNSt12_Vector_baseISt4pairIP12GPIO_TypeDeftESaIS3_EE13_M_deallocateEPS3_j
                0x0000000008003352       0x26 ./Core/Src/main.o
                0x0000000008003352                std::_Vector_base<std::pair<GPIO_TypeDef*, unsigned short>, std::allocator<std::pair<GPIO_TypeDef*, unsigned short> > >::_M_deallocate(std::pair<GPIO_TypeDef*, unsigned short>*, unsigned int)
 .text._ZNKSt16initializer_listISt4pairIP12GPIO_TypeDeftEE4sizeEv
                0x0000000008003378       0x18 ./Core/Src/main.o
                0x0000000008003378                std::initializer_list<std::pair<GPIO_TypeDef*, unsigned short> >::size() const
 .text._ZSt8distanceIPKSt4pairIP12GPIO_TypeDeftEENSt15iterator_traitsIT_E15difference_typeES7_S7_
                0x0000000008003390       0x28 ./Core/Src/main.o
                0x0000000008003390                std::iterator_traits<std::pair<GPIO_TypeDef*, unsigned short> const*>::difference_type std::distance<std::pair<GPIO_TypeDef*, unsigned short> const*>(std::pair<GPIO_TypeDef*, unsigned short> const*, std::pair<GPIO_TypeDef*, unsigned short> const*)
 .text._ZNSt6vectorISt4pairIP12GPIO_TypeDeftESaIS3_EE17_S_check_init_lenEjRKS4_
                0x00000000080033b8       0x50 ./Core/Src/main.o
                0x00000000080033b8                std::vector<std::pair<GPIO_TypeDef*, unsigned short>, std::allocator<std::pair<GPIO_TypeDef*, unsigned short> > >::_S_check_init_len(unsigned int, std::allocator<std::pair<GPIO_TypeDef*, unsigned short> > const&)
 .text._ZNSt12_Vector_baseISt4pairIP12GPIO_TypeDeftESaIS3_EE11_M_allocateEj
                0x0000000008003408       0x28 ./Core/Src/main.o
                0x0000000008003408                std::_Vector_base<std::pair<GPIO_TypeDef*, unsigned short>, std::allocator<std::pair<GPIO_TypeDef*, unsigned short> > >::_M_allocate(unsigned int)
 .text._ZSt22__uninitialized_copy_aIPKSt4pairIP12GPIO_TypeDeftEPS3_S3_ET0_T_S8_S7_RSaIT1_E
                0x0000000008003430       0x22 ./Core/Src/main.o
                0x0000000008003430                std::pair<GPIO_TypeDef*, unsigned short>* std::__uninitialized_copy_a<std::pair<GPIO_TypeDef*, unsigned short> const*, std::pair<GPIO_TypeDef*, unsigned short>*, std::pair<GPIO_TypeDef*, unsigned short> >(std::pair<GPIO_TypeDef*, unsigned short> const*, std::pair<GPIO_TypeDef*, unsigned short> const*, std::pair<GPIO_TypeDef*, unsigned short>*, std::allocator<std::pair<GPIO_TypeDef*, unsigned short> >&)
 .text._ZSt8_DestroyIPSt4pairIP12GPIO_TypeDeftEEvT_S5_
                0x0000000008003452       0x1a ./Core/Src/main.o
                0x0000000008003452                void std::_Destroy<std::pair<GPIO_TypeDef*, unsigned short>*>(std::pair<GPIO_TypeDef*, unsigned short>*, std::pair<GPIO_TypeDef*, unsigned short>*)
 .text._ZSt7forwardIiEOT_RNSt16remove_referenceIS0_E4typeE
                0x000000000800346c       0x16 ./Core/Src/main.o
                0x000000000800346c                int&& std::forward<int>(std::remove_reference<int>::type&)
 .text._ZNSt16allocator_traitsISaIiEE9constructIiJiEEEvRS0_PT_DpOT0_
                0x0000000008003482       0x26 ./Core/Src/main.o
                0x0000000008003482                void std::allocator_traits<std::allocator<int> >::construct<int, int>(std::allocator<int>&, int*, int&&)
 .text._ZNSt5dequeIiSaIiEE17_M_push_front_auxIJiEEEvDpOT_
                0x00000000080034a8       0x8c ./Core/Src/main.o
                0x00000000080034a8                void std::deque<int, std::allocator<int> >::_M_push_front_aux<int>(int&&)
 .text._ZN9__gnu_cxx13new_allocatorIiE7destroyIiEEvPT_
                0x0000000008003534       0x16 ./Core/Src/main.o
                0x0000000008003534                void __gnu_cxx::new_allocator<int>::destroy<int>(int*)
 .text._ZNSt11_Deque_baseIiSaIiEE18_M_deallocate_nodeEPi
                0x000000000800354a       0x26 ./Core/Src/main.o
                0x000000000800354a                std::_Deque_base<int, std::allocator<int> >::_M_deallocate_node(int*)
 .text._ZNSt15_Deque_iteratorIiRiPiE11_M_set_nodeEPS1_
                0x0000000008003570       0x32 ./Core/Src/main.o
                0x0000000008003570                std::_Deque_iterator<int, int&, int*>::_M_set_node(int**)
 .text._ZNSt15_Deque_iteratorIiRKiPS0_E14_S_buffer_sizeEv
                0x00000000080035a2       0x10 ./Core/Src/main.o
                0x00000000080035a2                std::_Deque_iterator<int, int const&, int const*>::_S_buffer_size()
 .text._ZNSt16allocator_traitsISaIiEE8max_sizeERKS0_
                0x00000000080035b2       0x18 ./Core/Src/main.o
                0x00000000080035b2                std::allocator_traits<std::allocator<int> >::max_size(std::allocator<int> const&)
 .text._ZSt3minIjERKT_S2_S2_
                0x00000000080035ca       0x28 ./Core/Src/main.o
                0x00000000080035ca                unsigned int const& std::min<unsigned int>(unsigned int const&, unsigned int const&)
 .text._ZNSaIiEC2ERKS_
                0x00000000080035f2       0x1c ./Core/Src/main.o
                0x00000000080035f2                std::allocator<int>::allocator(std::allocator<int> const&)
                0x00000000080035f2                std::allocator<int>::allocator(std::allocator<int> const&)
 .text._ZNSt11_Deque_baseIiSaIiEE16_Deque_impl_dataC2Ev
                0x000000000800360e       0x32 ./Core/Src/main.o
                0x000000000800360e                std::_Deque_base<int, std::allocator<int> >::_Deque_impl_data::_Deque_impl_data()
                0x000000000800360e                std::_Deque_base<int, std::allocator<int> >::_Deque_impl_data::_Deque_impl_data()
 .text._ZSt3maxIjERKT_S2_S2_
                0x0000000008003640       0x28 ./Core/Src/main.o
                0x0000000008003640                unsigned int const& std::max<unsigned int>(unsigned int const&, unsigned int const&)
 .text._ZNSt11_Deque_baseIiSaIiEE15_M_allocate_mapEj
                0x0000000008003668       0x3a ./Core/Src/main.o
                0x0000000008003668                std::_Deque_base<int, std::allocator<int> >::_M_allocate_map(unsigned int)
 .text._ZNSt11_Deque_baseIiSaIiEE15_M_create_nodesEPPiS3_
                0x00000000080036a2       0x34 ./Core/Src/main.o
                0x00000000080036a2                std::_Deque_base<int, std::allocator<int> >::_M_create_nodes(int**, int**)
 .text._ZNKSt11_Deque_baseIiSaIiEE20_M_get_map_allocatorEv
                0x00000000080036d6       0x22 ./Core/Src/main.o
                0x00000000080036d6                std::_Deque_base<int, std::allocator<int> >::_M_get_map_allocator() const
 .text._ZNSaIPiED2Ev
                0x00000000080036f8       0x18 ./Core/Src/main.o
                0x00000000080036f8                std::allocator<int*>::~allocator()
                0x00000000080036f8                std::allocator<int*>::~allocator()
 .text._ZNSt16allocator_traitsISaIPiEE10deallocateERS1_PS0_j
                0x0000000008003710       0x1e ./Core/Src/main.o
                0x0000000008003710                std::allocator_traits<std::allocator<int*> >::deallocate(std::allocator<int*>&, int**, unsigned int)
 .text._ZSt18uninitialized_fillIPiiEvT_S1_RKT0_
                0x000000000800372e       0x22 ./Core/Src/main.o
                0x000000000800372e                void std::uninitialized_fill<int*, int>(int*, int*, int const&)
 .text._ZNSaISt4pairIP12GPIO_TypeDeftEEC2ERKS3_
                0x0000000008003750       0x1c ./Core/Src/main.o
                0x0000000008003750                std::allocator<std::pair<GPIO_TypeDef*, unsigned short> >::allocator(std::allocator<std::pair<GPIO_TypeDef*, unsigned short> > const&)
                0x0000000008003750                std::allocator<std::pair<GPIO_TypeDef*, unsigned short> >::allocator(std::allocator<std::pair<GPIO_TypeDef*, unsigned short> > const&)
 .text._ZNSt12_Vector_baseISt4pairIP12GPIO_TypeDeftESaIS3_EE17_Vector_impl_dataC2Ev
                0x000000000800376c       0x28 ./Core/Src/main.o
                0x000000000800376c                std::_Vector_base<std::pair<GPIO_TypeDef*, unsigned short>, std::allocator<std::pair<GPIO_TypeDef*, unsigned short> > >::_Vector_impl_data::_Vector_impl_data()
                0x000000000800376c                std::_Vector_base<std::pair<GPIO_TypeDef*, unsigned short>, std::allocator<std::pair<GPIO_TypeDef*, unsigned short> > >::_Vector_impl_data::_Vector_impl_data()
 .text._ZNSt16allocator_traitsISaISt4pairIP12GPIO_TypeDeftEEE10deallocateERS4_PS3_j
                0x0000000008003794       0x1e ./Core/Src/main.o
                0x0000000008003794                std::allocator_traits<std::allocator<std::pair<GPIO_TypeDef*, unsigned short> > >::deallocate(std::allocator<std::pair<GPIO_TypeDef*, unsigned short> >&, std::pair<GPIO_TypeDef*, unsigned short>*, unsigned int)
 .text._ZSt19__iterator_categoryIPKSt4pairIP12GPIO_TypeDeftEENSt15iterator_traitsIT_E17iterator_categoryERKS7_
                0x00000000080037b2       0x16 ./Core/Src/main.o
                0x00000000080037b2                std::iterator_traits<std::pair<GPIO_TypeDef*, unsigned short> const*>::iterator_category std::__iterator_category<std::pair<GPIO_TypeDef*, unsigned short> const*>(std::pair<GPIO_TypeDef*, unsigned short> const* const&)
 .text._ZSt10__distanceIPKSt4pairIP12GPIO_TypeDeftEENSt15iterator_traitsIT_E15difference_typeES7_S7_St26random_access_iterator_tag
                0x00000000080037c8       0x20 ./Core/Src/main.o
                0x00000000080037c8                std::iterator_traits<std::pair<GPIO_TypeDef*, unsigned short> const*>::difference_type std::__distance<std::pair<GPIO_TypeDef*, unsigned short> const*>(std::pair<GPIO_TypeDef*, unsigned short> const*, std::pair<GPIO_TypeDef*, unsigned short> const*, std::random_access_iterator_tag)
 .text._ZNSt6vectorISt4pairIP12GPIO_TypeDeftESaIS3_EE11_S_max_sizeERKS4_
                0x00000000080037e8       0x34 ./Core/Src/main.o
                0x00000000080037e8                std::vector<std::pair<GPIO_TypeDef*, unsigned short>, std::allocator<std::pair<GPIO_TypeDef*, unsigned short> > >::_S_max_size(std::allocator<std::pair<GPIO_TypeDef*, unsigned short> > const&)
 .text._ZNSt16allocator_traitsISaISt4pairIP12GPIO_TypeDeftEEE8allocateERS4_j
                0x000000000800381c       0x1e ./Core/Src/main.o
                0x000000000800381c                std::allocator_traits<std::allocator<std::pair<GPIO_TypeDef*, unsigned short> > >::allocate(std::allocator<std::pair<GPIO_TypeDef*, unsigned short> >&, unsigned int)
 .text._ZSt18uninitialized_copyIPKSt4pairIP12GPIO_TypeDeftEPS3_ET0_T_S8_S7_
                0x000000000800383a       0x24 ./Core/Src/main.o
                0x000000000800383a                std::pair<GPIO_TypeDef*, unsigned short>* std::uninitialized_copy<std::pair<GPIO_TypeDef*, unsigned short> const*, std::pair<GPIO_TypeDef*, unsigned short>*>(std::pair<GPIO_TypeDef*, unsigned short> const*, std::pair<GPIO_TypeDef*, unsigned short> const*, std::pair<GPIO_TypeDef*, unsigned short>*)
 .text._ZNSt12_Destroy_auxILb1EE9__destroyIPSt4pairIP12GPIO_TypeDeftEEEvT_S7_
                0x000000000800385e       0x16 ./Core/Src/main.o
                0x000000000800385e                void std::_Destroy_aux<true>::__destroy<std::pair<GPIO_TypeDef*, unsigned short>*>(std::pair<GPIO_TypeDef*, unsigned short>*, std::pair<GPIO_TypeDef*, unsigned short>*)
 .text._ZN9__gnu_cxx13new_allocatorIiE9constructIiJiEEEvPT_DpOT0_
                0x0000000008003874       0x2c ./Core/Src/main.o
                0x0000000008003874                void __gnu_cxx::new_allocator<int>::construct<int, int>(int*, int&&)
 .text._ZNKSt5dequeIiSaIiEE8max_sizeEv
                0x00000000080038a0       0x22 ./Core/Src/main.o
                0x00000000080038a0                std::deque<int, std::allocator<int> >::max_size() const
 .text._ZNSt5dequeIiSaIiEE23_M_reserve_map_at_frontEj
                0x00000000080038c2       0x30 ./Core/Src/main.o
                0x00000000080038c2                std::deque<int, std::allocator<int> >::_M_reserve_map_at_front(unsigned int)
 .text._ZNSt11_Deque_baseIiSaIiEE16_M_allocate_nodeEv
                0x00000000080038f2       0x24 ./Core/Src/main.o
                0x00000000080038f2                std::_Deque_base<int, std::allocator<int> >::_M_allocate_node()
 .text._ZNSt16allocator_traitsISaIiEE10deallocateERS0_Pij
                0x0000000008003916       0x1e ./Core/Src/main.o
                0x0000000008003916                std::allocator_traits<std::allocator<int> >::deallocate(std::allocator<int>&, int*, unsigned int)
 .text._ZNK9__gnu_cxx13new_allocatorIiE8max_sizeEv
                0x0000000008003934       0x18 ./Core/Src/main.o
                0x0000000008003934                __gnu_cxx::new_allocator<int>::max_size() const
 .text._ZN9__gnu_cxx13new_allocatorIiEC2ERKS1_
                0x000000000800394c       0x18 ./Core/Src/main.o
                0x000000000800394c                __gnu_cxx::new_allocator<int>::new_allocator(__gnu_cxx::new_allocator<int> const&)
                0x000000000800394c                __gnu_cxx::new_allocator<int>::new_allocator(__gnu_cxx::new_allocator<int> const&)
 .text._ZNSt15_Deque_iteratorIiRiPiEC2Ev
                0x0000000008003964       0x2e ./Core/Src/main.o
                0x0000000008003964                std::_Deque_iterator<int, int&, int*>::_Deque_iterator()
                0x0000000008003964                std::_Deque_iterator<int, int&, int*>::_Deque_iterator()
 .text._ZNSt16allocator_traitsISaIPiEE8allocateERS1_j
                0x0000000008003992       0x1e ./Core/Src/main.o
                0x0000000008003992                std::allocator_traits<std::allocator<int*> >::allocate(std::allocator<int*>&, unsigned int)
 .text._ZNKSt11_Deque_baseIiSaIiEE19_M_get_Tp_allocatorEv
                0x00000000080039b0       0x16 ./Core/Src/main.o
                0x00000000080039b0                std::_Deque_base<int, std::allocator<int> >::_M_get_Tp_allocator() const
 .text._ZNSaIPiEC2IiEERKSaIT_E
                0x00000000080039c6       0x1a ./Core/Src/main.o
                0x00000000080039c6                std::allocator<int*>::allocator<int>(std::allocator<int> const&)
                0x00000000080039c6                std::allocator<int*>::allocator<int>(std::allocator<int> const&)
 .text._ZN9__gnu_cxx13new_allocatorIPiED2Ev
                0x00000000080039e0       0x16 ./Core/Src/main.o
                0x00000000080039e0                __gnu_cxx::new_allocator<int*>::~new_allocator()
                0x00000000080039e0                __gnu_cxx::new_allocator<int*>::~new_allocator()
 .text._ZN9__gnu_cxx13new_allocatorIPiE10deallocateEPS1_j
                0x00000000080039f6       0x20 ./Core/Src/main.o
                0x00000000080039f6                __gnu_cxx::new_allocator<int*>::deallocate(int**, unsigned int)
 .text._ZNSt20__uninitialized_fillILb1EE13__uninit_fillIPiiEEvT_S3_RKT0_
                0x0000000008003a16       0x1e ./Core/Src/main.o
                0x0000000008003a16                void std::__uninitialized_fill<true>::__uninit_fill<int*, int>(int*, int*, int const&)
 .text._ZN9__gnu_cxx13new_allocatorISt4pairIP12GPIO_TypeDeftEEC2ERKS5_
                0x0000000008003a34       0x18 ./Core/Src/main.o
                0x0000000008003a34                __gnu_cxx::new_allocator<std::pair<GPIO_TypeDef*, unsigned short> >::new_allocator(__gnu_cxx::new_allocator<std::pair<GPIO_TypeDef*, unsigned short> > const&)
                0x0000000008003a34                __gnu_cxx::new_allocator<std::pair<GPIO_TypeDef*, unsigned short> >::new_allocator(__gnu_cxx::new_allocator<std::pair<GPIO_TypeDef*, unsigned short> > const&)
 .text._ZN9__gnu_cxx13new_allocatorISt4pairIP12GPIO_TypeDeftEE10deallocateEPS4_j
                0x0000000008003a4c       0x20 ./Core/Src/main.o
                0x0000000008003a4c                __gnu_cxx::new_allocator<std::pair<GPIO_TypeDef*, unsigned short> >::deallocate(std::pair<GPIO_TypeDef*, unsigned short>*, unsigned int)
 .text._ZNSt16allocator_traitsISaISt4pairIP12GPIO_TypeDeftEEE8max_sizeERKS4_
                0x0000000008003a6c       0x18 ./Core/Src/main.o
                0x0000000008003a6c                std::allocator_traits<std::allocator<std::pair<GPIO_TypeDef*, unsigned short> > >::max_size(std::allocator<std::pair<GPIO_TypeDef*, unsigned short> > const&)
 .text._ZN9__gnu_cxx13new_allocatorISt4pairIP12GPIO_TypeDeftEE8allocateEjPKv
                0x0000000008003a84       0x3c ./Core/Src/main.o
                0x0000000008003a84                __gnu_cxx::new_allocator<std::pair<GPIO_TypeDef*, unsigned short> >::allocate(unsigned int, void const*)
 .text._ZNSt20__uninitialized_copyILb0EE13__uninit_copyIPKSt4pairIP12GPIO_TypeDeftEPS5_EET0_T_SA_S9_
                0x0000000008003ac0       0x40 ./Core/Src/main.o
                0x0000000008003ac0                std::pair<GPIO_TypeDef*, unsigned short>* std::__uninitialized_copy<false>::__uninit_copy<std::pair<GPIO_TypeDef*, unsigned short> const*, std::pair<GPIO_TypeDef*, unsigned short>*>(std::pair<GPIO_TypeDef*, unsigned short> const*, std::pair<GPIO_TypeDef*, unsigned short> const*, std::pair<GPIO_TypeDef*, unsigned short>*)
 .text._ZNSt5dequeIiSaIiEE17_M_reallocate_mapEjb
                0x0000000008003b00      0x134 ./Core/Src/main.o
                0x0000000008003b00                std::deque<int, std::allocator<int> >::_M_reallocate_map(unsigned int, bool)
 .text._ZNSt16allocator_traitsISaIiEE8allocateERS0_j
                0x0000000008003c34       0x1e ./Core/Src/main.o
                0x0000000008003c34                std::allocator_traits<std::allocator<int> >::allocate(std::allocator<int>&, unsigned int)
 .text._ZN9__gnu_cxx13new_allocatorIiE10deallocateEPij
                0x0000000008003c52       0x20 ./Core/Src/main.o
                0x0000000008003c52                __gnu_cxx::new_allocator<int>::deallocate(int*, unsigned int)
 .text._ZNK9__gnu_cxx13new_allocatorIiE11_M_max_sizeEv
                0x0000000008003c72       0x18 ./Core/Src/main.o
                0x0000000008003c72                __gnu_cxx::new_allocator<int>::_M_max_size() const
 .text._ZN9__gnu_cxx13new_allocatorIPiE8allocateEjPKv
                0x0000000008003c8a       0x3c ./Core/Src/main.o
                0x0000000008003c8a                __gnu_cxx::new_allocator<int*>::allocate(unsigned int, void const*)
 .text._ZN9__gnu_cxx13new_allocatorIPiEC2Ev
                0x0000000008003cc6       0x16 ./Core/Src/main.o
                0x0000000008003cc6                __gnu_cxx::new_allocator<int*>::new_allocator()
                0x0000000008003cc6                __gnu_cxx::new_allocator<int*>::new_allocator()
 .text._ZSt4fillIPiiEvT_S1_RKT0_
                0x0000000008003cdc       0x1e ./Core/Src/main.o
                0x0000000008003cdc                void std::fill<int*, int>(int*, int*, int const&)
 .text._ZNK9__gnu_cxx13new_allocatorISt4pairIP12GPIO_TypeDeftEE8max_sizeEv
                0x0000000008003cfa       0x18 ./Core/Src/main.o
                0x0000000008003cfa                __gnu_cxx::new_allocator<std::pair<GPIO_TypeDef*, unsigned short> >::max_size() const
 .text._ZNK9__gnu_cxx13new_allocatorISt4pairIP12GPIO_TypeDeftEE11_M_max_sizeEv
                0x0000000008003d12       0x18 ./Core/Src/main.o
                0x0000000008003d12                __gnu_cxx::new_allocator<std::pair<GPIO_TypeDef*, unsigned short> >::_M_max_size() const
 .text._ZSt11__addressofISt4pairIP12GPIO_TypeDeftEEPT_RS4_
                0x0000000008003d2a       0x16 ./Core/Src/main.o
                0x0000000008003d2a                std::pair<GPIO_TypeDef*, unsigned short>* std::__addressof<std::pair<GPIO_TypeDef*, unsigned short> >(std::pair<GPIO_TypeDef*, unsigned short>&)
 .text._ZSt10_ConstructISt4pairIP12GPIO_TypeDeftEJRKS3_EEvPT_DpOT0_
                0x0000000008003d40       0x30 ./Core/Src/main.o
                0x0000000008003d40                void std::_Construct<std::pair<GPIO_TypeDef*, unsigned short>, std::pair<GPIO_TypeDef*, unsigned short> const&>(std::pair<GPIO_TypeDef*, unsigned short>*, std::pair<GPIO_TypeDef*, unsigned short> const&)
 .text._ZSt4copyIPPiS1_ET0_T_S3_S2_
                0x0000000008003d70       0x30 ./Core/Src/main.o
                0x0000000008003d70                int** std::copy<int**, int**>(int**, int**, int**)
 .text._ZSt13copy_backwardIPPiS1_ET0_T_S3_S2_
                0x0000000008003da0       0x30 ./Core/Src/main.o
                0x0000000008003da0                int** std::copy_backward<int**, int**>(int**, int**, int**)
 .text._ZN9__gnu_cxx13new_allocatorIiE8allocateEjPKv
                0x0000000008003dd0       0x3c ./Core/Src/main.o
                0x0000000008003dd0                __gnu_cxx::new_allocator<int>::allocate(unsigned int, void const*)
 .text._ZNK9__gnu_cxx13new_allocatorIPiE11_M_max_sizeEv
                0x0000000008003e0c       0x18 ./Core/Src/main.o
                0x0000000008003e0c                __gnu_cxx::new_allocator<int*>::_M_max_size() const
 .text._ZSt8__fill_aIPiiEvT_S1_RKT0_
                0x0000000008003e24       0x1e ./Core/Src/main.o
                0x0000000008003e24                void std::__fill_a<int*, int>(int*, int*, int const&)
 .text._ZSt7forwardIRKSt4pairIP12GPIO_TypeDeftEEOT_RNSt16remove_referenceIS6_E4typeE
                0x0000000008003e42       0x16 ./Core/Src/main.o
                0x0000000008003e42                std::pair<GPIO_TypeDef*, unsigned short> const& std::forward<std::pair<GPIO_TypeDef*, unsigned short> const&>(std::remove_reference<std::pair<GPIO_TypeDef*, unsigned short> const&>::type&)
 .text._ZSt12__miter_baseIPPiET_S2_
                0x0000000008003e58       0x16 ./Core/Src/main.o
                0x0000000008003e58                int** std::__miter_base<int**>(int**)
 .text._ZSt13__copy_move_aILb0EPPiS1_ET1_T0_S3_S2_
                0x0000000008003e6e       0x46 ./Core/Src/main.o
                0x0000000008003e6e                int** std::__copy_move_a<false, int**, int**>(int**, int**, int**)
 .text._ZSt22__copy_move_backward_aILb0EPPiS1_ET1_T0_S3_S2_
                0x0000000008003eb4       0x46 ./Core/Src/main.o
                0x0000000008003eb4                int** std::__copy_move_backward_a<false, int**, int**>(int**, int**, int**)
 .text._ZSt9__fill_a1IPiiEN9__gnu_cxx11__enable_ifIXsrSt11__is_scalarIT0_E7__valueEvE6__typeET_S8_RKS4_
                0x0000000008003efa       0x34 ./Core/Src/main.o
                0x0000000008003efa                __gnu_cxx::__enable_if<std::__is_scalar<int>::__value, void>::__type std::__fill_a1<int*, int>(int*, int*, int const&)
 .text._ZSt12__niter_baseIPPiET_S2_
                0x0000000008003f2e       0x16 ./Core/Src/main.o
                0x0000000008003f2e                int** std::__niter_base<int**>(int**)
 .text._ZSt14__copy_move_a1ILb0EPPiS1_ET1_T0_S3_S2_
                0x0000000008003f44       0x20 ./Core/Src/main.o
                0x0000000008003f44                int** std::__copy_move_a1<false, int**, int**>(int**, int**, int**)
 .text._ZSt12__niter_wrapIPPiET_RKS2_S2_
                0x0000000008003f64       0x18 ./Core/Src/main.o
                0x0000000008003f64                int** std::__niter_wrap<int**>(int** const&, int**)
 .text._ZSt23__copy_move_backward_a1ILb0EPPiS1_ET1_T0_S3_S2_
                0x0000000008003f7c       0x20 ./Core/Src/main.o
                0x0000000008003f7c                int** std::__copy_move_backward_a1<false, int**, int**>(int**, int**, int**)
 .text._ZSt14__copy_move_a2ILb0EPPiS1_ET1_T0_S3_S2_
                0x0000000008003f9c       0x20 ./Core/Src/main.o
                0x0000000008003f9c                int** std::__copy_move_a2<false, int**, int**>(int**, int**, int**)
 .text._ZSt23__copy_move_backward_a2ILb0EPPiS1_ET1_T0_S3_S2_
                0x0000000008003fbc       0x20 ./Core/Src/main.o
                0x0000000008003fbc                int** std::__copy_move_backward_a2<false, int**, int**>(int**, int**, int**)
 .text._ZNSt11__copy_moveILb0ELb1ESt26random_access_iterator_tagE8__copy_mIPiEEPT_PKS4_S7_S5_
                0x0000000008003fdc       0x3a ./Core/Src/main.o
                0x0000000008003fdc                int** std::__copy_move<false, true, std::random_access_iterator_tag>::__copy_m<int*>(int* const*, int* const*, int**)
 .text._ZNSt20__copy_move_backwardILb0ELb1ESt26random_access_iterator_tagE13__copy_move_bIPiEEPT_PKS4_S7_S5_
                0x0000000008004016       0x44 ./Core/Src/main.o
                0x0000000008004016                int** std::__copy_move_backward<false, true, std::random_access_iterator_tag>::__copy_move_b<int*>(int* const*, int* const*, int**)
 *fill*         0x000000000800405a        0x2 
 .text.__NVIC_EnableIRQ
                0x000000000800405c       0x3c ./Core/Src/motor_driver.o
 .text.__NVIC_SetPriority
                0x0000000008004098       0x54 ./Core/Src/motor_driver.o
 .text.Tim2_Ch1_Init
                0x00000000080040ec       0xb8 ./Core/Src/motor_driver.o
                0x00000000080040ec                Tim2_Ch1_Init
 .text.Tim4_Ch1_Init
                0x00000000080041a4       0xb0 ./Core/Src/motor_driver.o
                0x00000000080041a4                Tim4_Ch1_Init
 .text.pwm_set_frequency
                0x0000000008004254       0x3c ./Core/Src/motor_driver.o
                0x0000000008004254                pwm_set_frequency
 .text.pwm_set_dutycycle
                0x0000000008004290       0x3c ./Core/Src/motor_driver.o
                0x0000000008004290                pwm_set_dutycycle
 .text.MotorPin_Init
                0x00000000080042cc       0xe4 ./Core/Src/motor_driver.o
 .text.Motor_A_Forward
                0x00000000080043b0       0x38 ./Core/Src/motor_driver.o
                0x00000000080043b0                Motor_A_Forward
 .text.Motor_B_Forward
                0x00000000080043e8       0x38 ./Core/Src/motor_driver.o
                0x00000000080043e8                Motor_B_Forward
 .text.Encoder_A_Init
                0x0000000008004420       0xd8 ./Core/Src/motor_driver.o
                0x0000000008004420                Encoder_A_Init
 .text.exti8_callback
                0x00000000080044f8       0x94 ./Core/Src/motor_driver.o
 .text.EXTI9_5_IRQHandler
                0x000000000800458c       0x28 ./Core/Src/motor_driver.o
                0x000000000800458c                EXTI9_5_IRQHandler
 .text.get_Encoder_A_counts
                0x00000000080045b4       0x18 ./Core/Src/motor_driver.o
                0x00000000080045b4                get_Encoder_A_counts
 *fill*         0x00000000080045cc        0x4 
 .text.Motor_A_Dist_mm
                0x00000000080045d0       0x80 ./Core/Src/motor_driver.o
                0x00000000080045d0                Motor_A_Dist_mm
 .text.Encoder_B_Init
                0x0000000008004650       0xd8 ./Core/Src/motor_driver.o
                0x0000000008004650                Encoder_B_Init
 .text.exti10_callback
                0x0000000008004728       0x94 ./Core/Src/motor_driver.o
 .text.EXTI15_10_IRQHandler
                0x00000000080047bc       0x28 ./Core/Src/motor_driver.o
                0x00000000080047bc                EXTI15_10_IRQHandler
 .text.get_Encoder_B_counts
                0x00000000080047e4       0x18 ./Core/Src/motor_driver.o
                0x00000000080047e4                get_Encoder_B_counts
 *fill*         0x00000000080047fc        0x4 
 .text.Motor_B_Dist_mm
                0x0000000008004800       0x80 ./Core/Src/motor_driver.o
                0x0000000008004800                Motor_B_Dist_mm
 .text.HAL_MspInit
                0x0000000008004880       0x50 ./Core/Src/stm32f4xx_hal_msp.o
                0x0000000008004880                HAL_MspInit
 .text.HAL_TIM_Base_MspInit
                0x00000000080048d0       0x9c ./Core/Src/stm32f4xx_hal_msp.o
                0x00000000080048d0                HAL_TIM_Base_MspInit
 .text.HAL_UART_MspInit
                0x000000000800496c       0x90 ./Core/Src/stm32f4xx_hal_msp.o
                0x000000000800496c                HAL_UART_MspInit
 .text.NMI_Handler
                0x00000000080049fc        0x6 ./Core/Src/stm32f4xx_it.o
                0x00000000080049fc                NMI_Handler
 .text.HardFault_Handler
                0x0000000008004a02        0x6 ./Core/Src/stm32f4xx_it.o
                0x0000000008004a02                HardFault_Handler
 .text.MemManage_Handler
                0x0000000008004a08        0x6 ./Core/Src/stm32f4xx_it.o
                0x0000000008004a08                MemManage_Handler
 .text.BusFault_Handler
                0x0000000008004a0e        0x6 ./Core/Src/stm32f4xx_it.o
                0x0000000008004a0e                BusFault_Handler
 .text.UsageFault_Handler
                0x0000000008004a14        0x6 ./Core/Src/stm32f4xx_it.o
                0x0000000008004a14                UsageFault_Handler
 .text.SVC_Handler
                0x0000000008004a1a        0xe ./Core/Src/stm32f4xx_it.o
                0x0000000008004a1a                SVC_Handler
 .text.DebugMon_Handler
                0x0000000008004a28        0xe ./Core/Src/stm32f4xx_it.o
                0x0000000008004a28                DebugMon_Handler
 .text.PendSV_Handler
                0x0000000008004a36        0xe ./Core/Src/stm32f4xx_it.o
                0x0000000008004a36                PendSV_Handler
 .text.SysTick_Handler
                0x0000000008004a44        0xc ./Core/Src/stm32f4xx_it.o
                0x0000000008004a44                SysTick_Handler
 .text._getpid  0x0000000008004a50       0x10 ./Core/Src/syscalls.o
                0x0000000008004a50                _getpid
 .text._kill    0x0000000008004a60       0x20 ./Core/Src/syscalls.o
                0x0000000008004a60                _kill
 .text._exit    0x0000000008004a80       0x14 ./Core/Src/syscalls.o
                0x0000000008004a80                _exit
 .text._sbrk    0x0000000008004a94       0x6c ./Core/Src/sysmem.o
                0x0000000008004a94                _sbrk
 .text.SystemInit
                0x0000000008004b00       0x24 ./Core/Src/system_stm32f4xx.o
                0x0000000008004b00                SystemInit
 .text.Reset_Handler
                0x0000000008004b24       0x50 ./Core/Startup/startup_stm32f401retx.o
                0x0000000008004b24                Reset_Handler
 .text.Default_Handler
                0x0000000008004b74        0x2 ./Core/Startup/startup_stm32f401retx.o
                0x0000000008004b74                RTC_Alarm_IRQHandler
                0x0000000008004b74                EXTI2_IRQHandler
                0x0000000008004b74                SPI4_IRQHandler
                0x0000000008004b74                TIM1_CC_IRQHandler
                0x0000000008004b74                DMA2_Stream5_IRQHandler
                0x0000000008004b74                DMA1_Stream5_IRQHandler
                0x0000000008004b74                PVD_IRQHandler
                0x0000000008004b74                SDIO_IRQHandler
                0x0000000008004b74                TAMP_STAMP_IRQHandler
                0x0000000008004b74                EXTI3_IRQHandler
                0x0000000008004b74                TIM1_UP_TIM10_IRQHandler
                0x0000000008004b74                I2C3_ER_IRQHandler
                0x0000000008004b74                EXTI0_IRQHandler
                0x0000000008004b74                I2C2_EV_IRQHandler
                0x0000000008004b74                DMA1_Stream2_IRQHandler
                0x0000000008004b74                FPU_IRQHandler
                0x0000000008004b74                DMA2_Stream2_IRQHandler
                0x0000000008004b74                SPI1_IRQHandler
                0x0000000008004b74                TIM1_BRK_TIM9_IRQHandler
                0x0000000008004b74                DMA2_Stream3_IRQHandler
                0x0000000008004b74                USART6_IRQHandler
                0x0000000008004b74                DMA2_Stream0_IRQHandler
                0x0000000008004b74                TIM4_IRQHandler
                0x0000000008004b74                I2C1_EV_IRQHandler
                0x0000000008004b74                DMA1_Stream6_IRQHandler
                0x0000000008004b74                DMA1_Stream1_IRQHandler
                0x0000000008004b74                TIM3_IRQHandler
                0x0000000008004b74                RCC_IRQHandler
                0x0000000008004b74                Default_Handler
                0x0000000008004b74                ADC_IRQHandler
                0x0000000008004b74                DMA1_Stream7_IRQHandler
                0x0000000008004b74                TIM5_IRQHandler
                0x0000000008004b74                DMA2_Stream7_IRQHandler
                0x0000000008004b74                I2C3_EV_IRQHandler
                0x0000000008004b74                RTC_WKUP_IRQHandler
                0x0000000008004b74                SPI2_IRQHandler
                0x0000000008004b74                DMA1_Stream0_IRQHandler
                0x0000000008004b74                EXTI4_IRQHandler
                0x0000000008004b74                WWDG_IRQHandler
                0x0000000008004b74                TIM2_IRQHandler
                0x0000000008004b74                OTG_FS_WKUP_IRQHandler
                0x0000000008004b74                TIM1_TRG_COM_TIM11_IRQHandler
                0x0000000008004b74                EXTI1_IRQHandler
                0x0000000008004b74                USART2_IRQHandler
                0x0000000008004b74                I2C2_ER_IRQHandler
                0x0000000008004b74                DMA2_Stream1_IRQHandler
                0x0000000008004b74                FLASH_IRQHandler
                0x0000000008004b74                DMA2_Stream4_IRQHandler
                0x0000000008004b74                USART1_IRQHandler
                0x0000000008004b74                OTG_FS_IRQHandler
                0x0000000008004b74                SPI3_IRQHandler
                0x0000000008004b74                DMA1_Stream4_IRQHandler
                0x0000000008004b74                I2C1_ER_IRQHandler
                0x0000000008004b74                DMA2_Stream6_IRQHandler
                0x0000000008004b74                DMA1_Stream3_IRQHandler
 *fill*         0x0000000008004b76        0x2 
 .text.HAL_Init
                0x0000000008004b78       0x44 ./Drivers/STM32F4xx_HAL_Driver/Src/stm32f4xx_hal.o
                0x0000000008004b78                HAL_Init
 .text.HAL_InitTick
                0x0000000008004bbc       0x60 ./Drivers/STM32F4xx_HAL_Driver/Src/stm32f4xx_hal.o
                0x0000000008004bbc                HAL_InitTick
 .text.HAL_IncTick
                0x0000000008004c1c       0x28 ./Drivers/STM32F4xx_HAL_Driver/Src/stm32f4xx_hal.o
                0x0000000008004c1c                HAL_IncTick
 .text.HAL_GetTick
                0x0000000008004c44       0x18 ./Drivers/STM32F4xx_HAL_Driver/Src/stm32f4xx_hal.o
                0x0000000008004c44                HAL_GetTick
 .text.__NVIC_SetPriorityGrouping
                0x0000000008004c5c       0x48 ./Drivers/STM32F4xx_HAL_Driver/Src/stm32f4xx_hal_cortex.o
 .text.__NVIC_GetPriorityGrouping
                0x0000000008004ca4       0x1c ./Drivers/STM32F4xx_HAL_Driver/Src/stm32f4xx_hal_cortex.o
 .text.__NVIC_SetPriority
                0x0000000008004cc0       0x54 ./Drivers/STM32F4xx_HAL_Driver/Src/stm32f4xx_hal_cortex.o
 .text.NVIC_EncodePriority
                0x0000000008004d14       0x66 ./Drivers/STM32F4xx_HAL_Driver/Src/stm32f4xx_hal_cortex.o
 *fill*         0x0000000008004d7a        0x2 
 .text.SysTick_Config
                0x0000000008004d7c       0x44 ./Drivers/STM32F4xx_HAL_Driver/Src/stm32f4xx_hal_cortex.o
 .text.HAL_NVIC_SetPriorityGrouping
                0x0000000008004dc0       0x16 ./Drivers/STM32F4xx_HAL_Driver/Src/stm32f4xx_hal_cortex.o
                0x0000000008004dc0                HAL_NVIC_SetPriorityGrouping
 .text.HAL_NVIC_SetPriority
                0x0000000008004dd6       0x38 ./Drivers/STM32F4xx_HAL_Driver/Src/stm32f4xx_hal_cortex.o
                0x0000000008004dd6                HAL_NVIC_SetPriority
 .text.HAL_SYSTICK_Config
                0x0000000008004e0e       0x18 ./Drivers/STM32F4xx_HAL_Driver/Src/stm32f4xx_hal_cortex.o
                0x0000000008004e0e                HAL_SYSTICK_Config
 *fill*         0x0000000008004e26        0x2 
 .text.HAL_GPIO_Init
                0x0000000008004e28      0x308 ./Drivers/STM32F4xx_HAL_Driver/Src/stm32f4xx_hal_gpio.o
                0x0000000008004e28                HAL_GPIO_Init
 .text.HAL_GPIO_ReadPin
                0x0000000008005130       0x30 ./Drivers/STM32F4xx_HAL_Driver/Src/stm32f4xx_hal_gpio.o
                0x0000000008005130                HAL_GPIO_ReadPin
 .text.HAL_GPIO_WritePin
                0x0000000008005160       0x32 ./Drivers/STM32F4xx_HAL_Driver/Src/stm32f4xx_hal_gpio.o
                0x0000000008005160                HAL_GPIO_WritePin
 *fill*         0x0000000008005192        0x2 
 .text.HAL_RCC_GetHCLKFreq
                0x0000000008005194       0x18 ./Drivers/STM32F4xx_HAL_Driver/Src/stm32f4xx_hal_rcc.o
                0x0000000008005194                HAL_RCC_GetHCLKFreq
 .text.HAL_RCC_GetPCLK1Freq
                0x00000000080051ac       0x28 ./Drivers/STM32F4xx_HAL_Driver/Src/stm32f4xx_hal_rcc.o
                0x00000000080051ac                HAL_RCC_GetPCLK1Freq
 .text.HAL_RCC_GetPCLK2Freq
                0x00000000080051d4       0x28 ./Drivers/STM32F4xx_HAL_Driver/Src/stm32f4xx_hal_rcc.o
                0x00000000080051d4                HAL_RCC_GetPCLK2Freq
 .text.HAL_TIM_Base_Init
                0x00000000080051fc       0x9e ./Drivers/STM32F4xx_HAL_Driver/Src/stm32f4xx_hal_tim.o
                0x00000000080051fc                HAL_TIM_Base_Init
 *fill*         0x000000000800529a        0x2 
 .text.HAL_TIM_Base_Start
                0x000000000800529c       0xb4 ./Drivers/STM32F4xx_HAL_Driver/Src/stm32f4xx_hal_tim.o
                0x000000000800529c                HAL_TIM_Base_Start
 .text.HAL_TIM_ConfigClockSource
                0x0000000008005350      0x18e ./Drivers/STM32F4xx_HAL_Driver/Src/stm32f4xx_hal_tim.o
                0x0000000008005350                HAL_TIM_ConfigClockSource
 *fill*         0x00000000080054de        0x2 
 .text.TIM_Base_SetConfig
                0x00000000080054e0      0x100 ./Drivers/STM32F4xx_HAL_Driver/Src/stm32f4xx_hal_tim.o
                0x00000000080054e0                TIM_Base_SetConfig
 .text.TIM_TI1_ConfigInputStage
                0x00000000080055e0       0x5e ./Drivers/STM32F4xx_HAL_Driver/Src/stm32f4xx_hal_tim.o
 .text.TIM_TI2_ConfigInputStage
                0x000000000800563e       0x60 ./Drivers/STM32F4xx_HAL_Driver/Src/stm32f4xx_hal_tim.o
 .text.TIM_ITRx_SetConfig
                0x000000000800569e       0x36 ./Drivers/STM32F4xx_HAL_Driver/Src/stm32f4xx_hal_tim.o
 .text.TIM_ETR_SetConfig
                0x00000000080056d4       0x40 ./Drivers/STM32F4xx_HAL_Driver/Src/stm32f4xx_hal_tim.o
                0x00000000080056d4                TIM_ETR_SetConfig
 .text.HAL_TIMEx_MasterConfigSynchronization
                0x0000000008005714       0xdc ./Drivers/STM32F4xx_HAL_Driver/Src/stm32f4xx_hal_tim_ex.o
                0x0000000008005714                HAL_TIMEx_MasterConfigSynchronization
 .text.HAL_UART_Init
                0x00000000080057f0       0x9a ./Drivers/STM32F4xx_HAL_Driver/Src/stm32f4xx_hal_uart.o
                0x00000000080057f0                HAL_UART_Init
 .text.HAL_UART_Transmit
                0x000000000800588a      0x124 ./Drivers/STM32F4xx_HAL_Driver/Src/stm32f4xx_hal_uart.o
                0x000000000800588a                HAL_UART_Transmit
 .text.UART_WaitOnFlagUntilTimeout
                0x00000000080059ae       0xdc ./Drivers/STM32F4xx_HAL_Driver/Src/stm32f4xx_hal_uart.o
 *fill*         0x0000000008005a8a        0x2 
 .text.UART_SetConfig
                0x0000000008005a8c      0x4e8 ./Drivers/STM32F4xx_HAL_Driver/Src/stm32f4xx_hal_uart.o
 .text._ZdlPvj  0x0000000008005f74        0x4 c:/st/stm32cubeide_1.12.1/stm32cubeide/plugins/com.st.stm32cube.ide.mcu.externaltools.gnu-tools-for-stm32.10.3-2021.10.win32_1.0.200.202301161003/tools/bin/../lib/gcc/arm-none-eabi/10.3.1/../../../../arm-none-eabi/lib/thumb/v7e-m+fp/hard\libstdc++_nano.a(del_ops.o)
                0x0000000008005f74                operator delete(void*, unsigned int)
 .text._Znwj    0x0000000008005f78       0x22 c:/st/stm32cubeide_1.12.1/stm32cubeide/plugins/com.st.stm32cube.ide.mcu.externaltools.gnu-tools-for-stm32.10.3-2021.10.win32_1.0.200.202301161003/tools/bin/../lib/gcc/arm-none-eabi/10.3.1/../../../../arm-none-eabi/lib/thumb/v7e-m+fp/hard\libstdc++_nano.a(new_op.o)
                0x0000000008005f78                operator new(unsigned int)
 .text._ZNSaIcEC2Ev
                0x0000000008005f9a        0x2 c:/st/stm32cubeide_1.12.1/stm32cubeide/plugins/com.st.stm32cube.ide.mcu.externaltools.gnu-tools-for-stm32.10.3-2021.10.win32_1.0.200.202301161003/tools/bin/../lib/gcc/arm-none-eabi/10.3.1/../../../../arm-none-eabi/lib/thumb/v7e-m+fp/hard\libstdc++_nano.a(allocator-inst.o)
                0x0000000008005f9a                std::allocator<char>::allocator()
                0x0000000008005f9a                std::allocator<char>::allocator()
 .text._ZNSaIcED2Ev
                0x0000000008005f9c        0x2 c:/st/stm32cubeide_1.12.1/stm32cubeide/plugins/com.st.stm32cube.ide.mcu.externaltools.gnu-tools-for-stm32.10.3-2021.10.win32_1.0.200.202301161003/tools/bin/../lib/gcc/arm-none-eabi/10.3.1/../../../../arm-none-eabi/lib/thumb/v7e-m+fp/hard\libstdc++_nano.a(allocator-inst.o)
                0x0000000008005f9c                std::allocator<char>::~allocator()
                0x0000000008005f9c                std::allocator<char>::~allocator()
 .text.unlikely._ZSt17__throw_bad_allocv
                0x0000000008005f9e        0x6 c:/st/stm32cubeide_1.12.1/stm32cubeide/plugins/com.st.stm32cube.ide.mcu.externaltools.gnu-tools-for-stm32.10.3-2021.10.win32_1.0.200.202301161003/tools/bin/../lib/gcc/arm-none-eabi/10.3.1/../../../../arm-none-eabi/lib/thumb/v7e-m+fp/hard\libstdc++_nano.a(functexcept.o)
                0x0000000008005f9e                std::__throw_bad_alloc()
 .text.unlikely._ZSt19__throw_logic_errorPKc
                0x0000000008005fa4        0x6 c:/st/stm32cubeide_1.12.1/stm32cubeide/plugins/com.st.stm32cube.ide.mcu.externaltools.gnu-tools-for-stm32.10.3-2021.10.win32_1.0.200.202301161003/tools/bin/../lib/gcc/arm-none-eabi/10.3.1/../../../../arm-none-eabi/lib/thumb/v7e-m+fp/hard\libstdc++_nano.a(functexcept.o)
                0x0000000008005fa4                std::__throw_logic_error(char const*)
 .text.unlikely._ZSt20__throw_length_errorPKc
                0x0000000008005faa        0x6 c:/st/stm32cubeide_1.12.1/stm32cubeide/plugins/com.st.stm32cube.ide.mcu.externaltools.gnu-tools-for-stm32.10.3-2021.10.win32_1.0.200.202301161003/tools/bin/../lib/gcc/arm-none-eabi/10.3.1/../../../../arm-none-eabi/lib/thumb/v7e-m+fp/hard\libstdc++_nano.a(functexcept.o)
                0x0000000008005faa                std::__throw_length_error(char const*)
 .text._ZSt24__throw_out_of_range_fmtPKcz
                0x0000000008005fb0       0x38 c:/st/stm32cubeide_1.12.1/stm32cubeide/plugins/com.st.stm32cube.ide.mcu.externaltools.gnu-tools-for-stm32.10.3-2021.10.win32_1.0.200.202301161003/tools/bin/../lib/gcc/arm-none-eabi/10.3.1/../../../../arm-none-eabi/lib/thumb/v7e-m+fp/hard\libstdc++_nano.a(functexcept.o)
                0x0000000008005fb0                std::__throw_out_of_range_fmt(char const*, ...)
 .text._ZN9__gnu_cxx26__throw_insufficient_spaceEPKcS1_
                0x0000000008005fe8       0x4c c:/st/stm32cubeide_1.12.1/stm32cubeide/plugins/com.st.stm32cube.ide.mcu.externaltools.gnu-tools-for-stm32.10.3-2021.10.win32_1.0.200.202301161003/tools/bin/../lib/gcc/arm-none-eabi/10.3.1/../../../../arm-none-eabi/lib/thumb/v7e-m+fp/hard\libstdc++_nano.a(snprintf_lite.o)
                0x0000000008005fe8                __gnu_cxx::__throw_insufficient_space(char const*, char const*)
 .text._ZN9__gnu_cxx15__concat_size_tEPcjj
                0x0000000008006034       0x58 c:/st/stm32cubeide_1.12.1/stm32cubeide/plugins/com.st.stm32cube.ide.mcu.externaltools.gnu-tools-for-stm32.10.3-2021.10.win32_1.0.200.202301161003/tools/bin/../lib/gcc/arm-none-eabi/10.3.1/../../../../arm-none-eabi/lib/thumb/v7e-m+fp/hard\libstdc++_nano.a(snprintf_lite.o)
                0x0000000008006034                __gnu_cxx::__concat_size_t(char*, unsigned int, unsigned int)
 .text._ZN9__gnu_cxx15__snprintf_liteEPcjPKcSt9__va_list
                0x000000000800608c       0x82 c:/st/stm32cubeide_1.12.1/stm32cubeide/plugins/com.st.stm32cube.ide.mcu.externaltools.gnu-tools-for-stm32.10.3-2021.10.win32_1.0.200.202301161003/tools/bin/../lib/gcc/arm-none-eabi/10.3.1/../../../../arm-none-eabi/lib/thumb/v7e-m+fp/hard\libstdc++_nano.a(snprintf_lite.o)
                0x000000000800608c                __gnu_cxx::__snprintf_lite(char*, unsigned int, char const*, std::__va_list)
 .text._ZNSt11char_traitsIcE4copyEPcPKcj.isra.0
                0x000000000800610e        0x8 c:/st/stm32cubeide_1.12.1/stm32cubeide/plugins/com.st.stm32cube.ide.mcu.externaltools.gnu-tools-for-stm32.10.3-2021.10.win32_1.0.200.202301161003/tools/bin/../lib/gcc/arm-none-eabi/10.3.1/../../../../arm-none-eabi/lib/thumb/v7e-m+fp/hard\libstdc++_nano.a(string-inst.o)
 *fill*         0x0000000008006116        0x2 
 .text._ZNSt7__cxx1112basic_stringIcSt11char_traitsIcESaIcEE9_M_createERjj
                0x0000000008006118       0x44 c:/st/stm32cubeide_1.12.1/stm32cubeide/plugins/com.st.stm32cube.ide.mcu.externaltools.gnu-tools-for-stm32.10.3-2021.10.win32_1.0.200.202301161003/tools/bin/../lib/gcc/arm-none-eabi/10.3.1/../../../../arm-none-eabi/lib/thumb/v7e-m+fp/hard\libstdc++_nano.a(string-inst.o)
                0x0000000008006118                std::__cxx11::basic_string<char, std::char_traits<char>, std::allocator<char> >::_M_create(unsigned int&, unsigned int)
 .text._ZNSt7__cxx1112basic_stringIcSt11char_traitsIcESaIcEE10_M_disposeEv
                0x000000000800615c       0x10 c:/st/stm32cubeide_1.12.1/stm32cubeide/plugins/com.st.stm32cube.ide.mcu.externaltools.gnu-tools-for-stm32.10.3-2021.10.win32_1.0.200.202301161003/tools/bin/../lib/gcc/arm-none-eabi/10.3.1/../../../../arm-none-eabi/lib/thumb/v7e-m+fp/hard\libstdc++_nano.a(string-inst.o)
                0x000000000800615c                std::__cxx11::basic_string<char, std::char_traits<char>, std::allocator<char> >::_M_dispose()
 .text._ZNKSt7__cxx1112basic_stringIcSt11char_traitsIcESaIcEE8_M_checkEjPKc
                0x000000000800616c       0x1c c:/st/stm32cubeide_1.12.1/stm32cubeide/plugins/com.st.stm32cube.ide.mcu.externaltools.gnu-tools-for-stm32.10.3-2021.10.win32_1.0.200.202301161003/tools/bin/../lib/gcc/arm-none-eabi/10.3.1/../../../../arm-none-eabi/lib/thumb/v7e-m+fp/hard\libstdc++_nano.a(string-inst.o)
                0x000000000800616c                std::__cxx11::basic_string<char, std::char_traits<char>, std::allocator<char> >::_M_check(unsigned int, char const*) const
 .text._ZNKSt7__cxx1112basic_stringIcSt11char_traitsIcESaIcEE15_M_check_lengthEjjPKc
                0x0000000008006188       0x18 c:/st/stm32cubeide_1.12.1/stm32cubeide/plugins/com.st.stm32cube.ide.mcu.externaltools.gnu-tools-for-stm32.10.3-2021.10.win32_1.0.200.202301161003/tools/bin/../lib/gcc/arm-none-eabi/10.3.1/../../../../arm-none-eabi/lib/thumb/v7e-m+fp/hard\libstdc++_nano.a(string-inst.o)
                0x0000000008006188                std::__cxx11::basic_string<char, std::char_traits<char>, std::allocator<char> >::_M_check_length(unsigned int, unsigned int, char const*) const
 .text._ZNKSt7__cxx1112basic_stringIcSt11char_traitsIcESaIcEE11_M_disjunctEPKc
                0x00000000080061a0       0x18 c:/st/stm32cubeide_1.12.1/stm32cubeide/plugins/com.st.stm32cube.ide.mcu.externaltools.gnu-tools-for-stm32.10.3-2021.10.win32_1.0.200.202301161003/tools/bin/../lib/gcc/arm-none-eabi/10.3.1/../../../../arm-none-eabi/lib/thumb/v7e-m+fp/hard\libstdc++_nano.a(string-inst.o)
                0x00000000080061a0                std::__cxx11::basic_string<char, std::char_traits<char>, std::allocator<char> >::_M_disjunct(char const*) const
 .text._ZNSt7__cxx1112basic_stringIcSt11char_traitsIcESaIcEE7_S_copyEPcPKcj
                0x00000000080061b8       0x18 c:/st/stm32cubeide_1.12.1/stm32cubeide/plugins/com.st.stm32cube.ide.mcu.externaltools.gnu-tools-for-stm32.10.3-2021.10.win32_1.0.200.202301161003/tools/bin/../lib/gcc/arm-none-eabi/10.3.1/../../../../arm-none-eabi/lib/thumb/v7e-m+fp/hard\libstdc++_nano.a(string-inst.o)
                0x00000000080061b8                std::__cxx11::basic_string<char, std::char_traits<char>, std::allocator<char> >::_S_copy(char*, char const*, unsigned int)
 .text._ZNSt7__cxx1112basic_stringIcSt11char_traitsIcESaIcEE7_S_moveEPcPKcj
                0x00000000080061d0       0x18 c:/st/stm32cubeide_1.12.1/stm32cubeide/plugins/com.st.stm32cube.ide.mcu.externaltools.gnu-tools-for-stm32.10.3-2021.10.win32_1.0.200.202301161003/tools/bin/../lib/gcc/arm-none-eabi/10.3.1/../../../../arm-none-eabi/lib/thumb/v7e-m+fp/hard\libstdc++_nano.a(string-inst.o)
                0x00000000080061d0                std::__cxx11::basic_string<char, std::char_traits<char>, std::allocator<char> >::_S_move(char*, char const*, unsigned int)
 .text._ZNSt7__cxx1112basic_stringIcSt11char_traitsIcESaIcEE9_S_assignEPcjc
                0x00000000080061e8       0x22 c:/st/stm32cubeide_1.12.1/stm32cubeide/plugins/com.st.stm32cube.ide.mcu.externaltools.gnu-tools-for-stm32.10.3-2021.10.win32_1.0.200.202301161003/tools/bin/../lib/gcc/arm-none-eabi/10.3.1/../../../../arm-none-eabi/lib/thumb/v7e-m+fp/hard\libstdc++_nano.a(string-inst.o)
                0x00000000080061e8                std::__cxx11::basic_string<char, std::char_traits<char>, std::allocator<char> >::_S_assign(char*, unsigned int, char)
 .text._ZNSt7__cxx1112basic_stringIcSt11char_traitsIcESaIcEE12_M_constructEjc
                0x000000000800620a       0x34 c:/st/stm32cubeide_1.12.1/stm32cubeide/plugins/com.st.stm32cube.ide.mcu.externaltools.gnu-tools-for-stm32.10.3-2021.10.win32_1.0.200.202301161003/tools/bin/../lib/gcc/arm-none-eabi/10.3.1/../../../../arm-none-eabi/lib/thumb/v7e-m+fp/hard\libstdc++_nano.a(string-inst.o)
                0x000000000800620a                std::__cxx11::basic_string<char, std::char_traits<char>, std::allocator<char> >::_M_construct(unsigned int, char)
 .text._ZNSt7__cxx1112basic_stringIcSt11char_traitsIcESaIcEE13_S_copy_charsEPcPKcS7_
                0x000000000800623e        0xa c:/st/stm32cubeide_1.12.1/stm32cubeide/plugins/com.st.stm32cube.ide.mcu.externaltools.gnu-tools-for-stm32.10.3-2021.10.win32_1.0.200.202301161003/tools/bin/../lib/gcc/arm-none-eabi/10.3.1/../../../../arm-none-eabi/lib/thumb/v7e-m+fp/hard\libstdc++_nano.a(string-inst.o)
                0x000000000800623e                std::__cxx11::basic_string<char, std::char_traits<char>, std::allocator<char> >::_S_copy_chars(char*, char const*, char const*)
 .text._ZNSt7__cxx1112basic_stringIcSt11char_traitsIcESaIcEE9_M_mutateEjjPKcj
                0x0000000008006248       0x78 c:/st/stm32cubeide_1.12.1/stm32cubeide/plugins/com.st.stm32cube.ide.mcu.externaltools.gnu-tools-for-stm32.10.3-2021.10.win32_1.0.200.202301161003/tools/bin/../lib/gcc/arm-none-eabi/10.3.1/../../../../arm-none-eabi/lib/thumb/v7e-m+fp/hard\libstdc++_nano.a(string-inst.o)
                0x0000000008006248                std::__cxx11::basic_string<char, std::char_traits<char>, std::allocator<char> >::_M_mutate(unsigned int, unsigned int, char const*, unsigned int)
 .text._ZNSt7__cxx1112basic_stringIcSt11char_traitsIcESaIcEEC2EjcRKS3_
                0x00000000080062c0       0x12 c:/st/stm32cubeide_1.12.1/stm32cubeide/plugins/com.st.stm32cube.ide.mcu.externaltools.gnu-tools-for-stm32.10.3-2021.10.win32_1.0.200.202301161003/tools/bin/../lib/gcc/arm-none-eabi/10.3.1/../../../../arm-none-eabi/lib/thumb/v7e-m+fp/hard\libstdc++_nano.a(string-inst.o)
                0x00000000080062c0                std::__cxx11::basic_string<char, std::char_traits<char>, std::allocator<char> >::basic_string(unsigned int, char, std::allocator<char> const&)
                0x00000000080062c0                std::__cxx11::basic_string<char, std::char_traits<char>, std::allocator<char> >::basic_string(unsigned int, char, std::allocator<char> const&)
 .text._ZNSt7__cxx1112basic_stringIcSt11char_traitsIcESaIcEEC2EOS4_
                0x00000000080062d2       0x34 c:/st/stm32cubeide_1.12.1/stm32cubeide/plugins/com.st.stm32cube.ide.mcu.externaltools.gnu-tools-for-stm32.10.3-2021.10.win32_1.0.200.202301161003/tools/bin/../lib/gcc/arm-none-eabi/10.3.1/../../../../arm-none-eabi/lib/thumb/v7e-m+fp/hard\libstdc++_nano.a(string-inst.o)
                0x00000000080062d2                std::__cxx11::basic_string<char, std::char_traits<char>, std::allocator<char> >::basic_string(std::__cxx11::basic_string<char, std::char_traits<char>, std::allocator<char> >&&)
                0x00000000080062d2                std::__cxx11::basic_string<char, std::char_traits<char>, std::allocator<char> >::basic_string(std::__cxx11::basic_string<char, std::char_traits<char>, std::allocator<char> >&&)
 .text._ZNSt7__cxx1112basic_stringIcSt11char_traitsIcESaIcEED2Ev
                0x0000000008006306        0xc c:/st/stm32cubeide_1.12.1/stm32cubeide/plugins/com.st.stm32cube.ide.mcu.externaltools.gnu-tools-for-stm32.10.3-2021.10.win32_1.0.200.202301161003/tools/bin/../lib/gcc/arm-none-eabi/10.3.1/../../../../arm-none-eabi/lib/thumb/v7e-m+fp/hard\libstdc++_nano.a(string-inst.o)
                0x0000000008006306                std::__cxx11::basic_string<char, std::char_traits<char>, std::allocator<char> >::~basic_string()
                0x0000000008006306                std::__cxx11::basic_string<char, std::char_traits<char>, std::allocator<char> >::~basic_string()
 .text._ZNKSt7__cxx1112basic_stringIcSt11char_traitsIcESaIcEE4sizeEv
                0x0000000008006312        0x4 c:/st/stm32cubeide_1.12.1/stm32cubeide/plugins/com.st.stm32cube.ide.mcu.externaltools.gnu-tools-for-stm32.10.3-2021.10.win32_1.0.200.202301161003/tools/bin/../lib/gcc/arm-none-eabi/10.3.1/../../../../arm-none-eabi/lib/thumb/v7e-m+fp/hard\libstdc++_nano.a(string-inst.o)
                0x0000000008006312                std::__cxx11::basic_string<char, std::char_traits<char>, std::allocator<char> >::size() const
 .text._ZNKSt7__cxx1112basic_stringIcSt11char_traitsIcESaIcEE8capacityEv
                0x0000000008006316       0x10 c:/st/stm32cubeide_1.12.1/stm32cubeide/plugins/com.st.stm32cube.ide.mcu.externaltools.gnu-tools-for-stm32.10.3-2021.10.win32_1.0.200.202301161003/tools/bin/../lib/gcc/arm-none-eabi/10.3.1/../../../../arm-none-eabi/lib/thumb/v7e-m+fp/hard\libstdc++_nano.a(string-inst.o)
                0x0000000008006316                std::__cxx11::basic_string<char, std::char_traits<char>, std::allocator<char> >::capacity() const
 .text._ZNSt7__cxx1112basic_stringIcSt11char_traitsIcESaIcEEixEj
                0x0000000008006326        0x6 c:/st/stm32cubeide_1.12.1/stm32cubeide/plugins/com.st.stm32cube.ide.mcu.externaltools.gnu-tools-for-stm32.10.3-2021.10.win32_1.0.200.202301161003/tools/bin/../lib/gcc/arm-none-eabi/10.3.1/../../../../arm-none-eabi/lib/thumb/v7e-m+fp/hard\libstdc++_nano.a(string-inst.o)
                0x0000000008006326                std::__cxx11::basic_string<char, std::char_traits<char>, std::allocator<char> >::operator[](unsigned int)
 .text._ZNSt7__cxx1112basic_stringIcSt11char_traitsIcESaIcEE10_M_replaceEjjPKcj
                0x000000000800632c       0xfc c:/st/stm32cubeide_1.12.1/stm32cubeide/plugins/com.st.stm32cube.ide.mcu.externaltools.gnu-tools-for-stm32.10.3-2021.10.win32_1.0.200.202301161003/tools/bin/../lib/gcc/arm-none-eabi/10.3.1/../../../../arm-none-eabi/lib/thumb/v7e-m+fp/hard\libstdc++_nano.a(string-inst.o)
                0x000000000800632c                std::__cxx11::basic_string<char, std::char_traits<char>, std::allocator<char> >::_M_replace(unsigned int, unsigned int, char const*, unsigned int)
 .text._ZNSt7__cxx1112basic_stringIcSt11char_traitsIcESaIcEE7replaceEjjPKcj
                0x0000000008006428       0x30 c:/st/stm32cubeide_1.12.1/stm32cubeide/plugins/com.st.stm32cube.ide.mcu.externaltools.gnu-tools-for-stm32.10.3-2021.10.win32_1.0.200.202301161003/tools/bin/../lib/gcc/arm-none-eabi/10.3.1/../../../../arm-none-eabi/lib/thumb/v7e-m+fp/hard\libstdc++_nano.a(string-inst.o)
                0x0000000008006428                std::__cxx11::basic_string<char, std::char_traits<char>, std::allocator<char> >::replace(unsigned int, unsigned int, char const*, unsigned int)
 .text._ZNSt7__cxx1112basic_stringIcSt11char_traitsIcESaIcEE6insertEjRKS4_
                0x0000000008006458       0x14 c:/st/stm32cubeide_1.12.1/stm32cubeide/plugins/com.st.stm32cube.ide.mcu.externaltools.gnu-tools-for-stm32.10.3-2021.10.win32_1.0.200.202301161003/tools/bin/../lib/gcc/arm-none-eabi/10.3.1/../../../../arm-none-eabi/lib/thumb/v7e-m+fp/hard\libstdc++_nano.a(string-inst.o)
                0x0000000008006458                std::__cxx11::basic_string<char, std::char_traits<char>, std::allocator<char> >::insert(unsigned int, std::__cxx11::basic_string<char, std::char_traits<char>, std::allocator<char> > const&)
 .text._ZNSt7__cxx1112basic_stringIcSt11char_traitsIcESaIcEE6insertEjPKc
                0x000000000800646c       0x20 c:/st/stm32cubeide_1.12.1/stm32cubeide/plugins/com.st.stm32cube.ide.mcu.externaltools.gnu-tools-for-stm32.10.3-2021.10.win32_1.0.200.202301161003/tools/bin/../lib/gcc/arm-none-eabi/10.3.1/../../../../arm-none-eabi/lib/thumb/v7e-m+fp/hard\libstdc++_nano.a(string-inst.o)
                0x000000000800646c                std::__cxx11::basic_string<char, std::char_traits<char>, std::allocator<char> >::insert(unsigned int, char const*)
 .text._ZNSt7__cxx1112basic_stringIcSt11char_traitsIcESaIcEE9_M_appendEPKcj
                0x000000000800648c       0x44 c:/st/stm32cubeide_1.12.1/stm32cubeide/plugins/com.st.stm32cube.ide.mcu.externaltools.gnu-tools-for-stm32.10.3-2021.10.win32_1.0.200.202301161003/tools/bin/../lib/gcc/arm-none-eabi/10.3.1/../../../../arm-none-eabi/lib/thumb/v7e-m+fp/hard\libstdc++_nano.a(string-inst.o)
                0x000000000800648c                std::__cxx11::basic_string<char, std::char_traits<char>, std::allocator<char> >::_M_append(char const*, unsigned int)
 .text._ZNSt7__cxx1112basic_stringIcSt11char_traitsIcESaIcEE6appendERKS4_
                0x00000000080064d0        0xc c:/st/stm32cubeide_1.12.1/stm32cubeide/plugins/com.st.stm32cube.ide.mcu.externaltools.gnu-tools-for-stm32.10.3-2021.10.win32_1.0.200.202301161003/tools/bin/../lib/gcc/arm-none-eabi/10.3.1/../../../../arm-none-eabi/lib/thumb/v7e-m+fp/hard\libstdc++_nano.a(string-inst.o)