../Drivers/CMSIS/Include/core_cm4.h:1688:22:__NVIC_EnableIRQ	16	static
../Drivers/CMSIS/Include/core_cm4.h:1816:22:__NVIC_SetPriority	16	static
../Core/Src/motor_driver.c:80:6:Delay	24	static
../Core/Src/motor_driver.c:86:6:tim2_pa5_pwm	8	static
../Core/Src/motor_driver.c:125:6:Tim2_Ch1_Init	8	static
../Core/Src/motor_driver.c:167:6:Tim4_Ch1_Init	8	static
../Core/Src/motor_driver.c:212:6:pwm_set_frequency	16	static
../Core/Src/motor_driver.c:226:6:pwm_set_dutycycle	16	static
../Core/Src/motor_driver.c:240:13:MotorPin_Init	4	static
../Core/Src/motor_driver.c:276:6:Motor_A_Forward	16	static
../Core/Src/motor_driver.c:284:6:Motor_A_Reverse	16	static
../Core/Src/motor_driver.c:293:6:Motor_A_Brake	8	static
../Core/Src/motor_driver.c:301:6:Motor_A_Status	8	static
../Core/Src/motor_driver.c:324:6:Motor_B_Forward	16	static
../Core/Src/motor_driver.c:333:6:Motor_B_Reverse	16	static
../Core/Src/motor_driver.c:341:6:Motor_B_Brake	8	static
../Core/Src/motor_driver.c:349:6:Motor_B_Status	8	static
../Core/Src/motor_driver.c:371:6:Encoder_A_Init	8	static,ignoring_inline_asm
../Core/Src/motor_driver.c:417:13:exti8_callback	16	static
../Core/Src/motor_driver.c:440:6:EXTI9_5_IRQHandler	8	static
../Core/Src/motor_driver.c:452:5:get_Encoder_A_counts	4	static
../Core/Src/motor_driver.c:457:6:reset_Encoder_A_counts	4	static
../Core/Src/motor_driver.c:462:5:Motor_A_Dist_mm	24	static
../Core/Src/motor_driver.c:469:6:Encoder_B_Init	8	static,ignoring_inline_asm
../Core/Src/motor_driver.c:514:13:exti10_callback	16	static
../Core/Src/motor_driver.c:537:6:EXTI15_10_IRQHandler	8	static
../Core/Src/motor_driver.c:549:5:get_Encoder_B_counts	4	static
../Core/Src/motor_driver.c:554:6:reset_Encoder_B_counts	4	static
../Core/Src/motor_driver.c:559:5:Motor_B_Dist_mm	24	static
